Archive member included to satisfy reference by file (symbol)

/usr/lib/gcc/arm-none-eabi/7.3.1/../../../arm-none-eabi/lib/thumb/v7e-m/fpv4-sp/hard/libc_nano.a(lib_a-atexit.o)
                              /usr/lib/gcc/arm-none-eabi/7.3.1/../../../arm-none-eabi/lib/thumb/v7e-m/fpv4-sp/hard/crt0.o (atexit)
/usr/lib/gcc/arm-none-eabi/7.3.1/../../../arm-none-eabi/lib/thumb/v7e-m/fpv4-sp/hard/libc_nano.a(lib_a-exit.o)
                              /usr/lib/gcc/arm-none-eabi/7.3.1/../../../arm-none-eabi/lib/thumb/v7e-m/fpv4-sp/hard/crt0.o (exit)
/usr/lib/gcc/arm-none-eabi/7.3.1/../../../arm-none-eabi/lib/thumb/v7e-m/fpv4-sp/hard/libc_nano.a(lib_a-fini.o)
                              /usr/lib/gcc/arm-none-eabi/7.3.1/../../../arm-none-eabi/lib/thumb/v7e-m/fpv4-sp/hard/crt0.o (__libc_fini_array)
/usr/lib/gcc/arm-none-eabi/7.3.1/../../../arm-none-eabi/lib/thumb/v7e-m/fpv4-sp/hard/libc_nano.a(lib_a-impure.o)
                              /usr/lib/gcc/arm-none-eabi/7.3.1/../../../arm-none-eabi/lib/thumb/v7e-m/fpv4-sp/hard/libc_nano.a(lib_a-exit.o) (_global_impure_ptr)
/usr/lib/gcc/arm-none-eabi/7.3.1/../../../arm-none-eabi/lib/thumb/v7e-m/fpv4-sp/hard/libc_nano.a(lib_a-init.o)
                              /usr/lib/gcc/arm-none-eabi/7.3.1/../../../arm-none-eabi/lib/thumb/v7e-m/fpv4-sp/hard/crt0.o (__libc_init_array)
/usr/lib/gcc/arm-none-eabi/7.3.1/../../../arm-none-eabi/lib/thumb/v7e-m/fpv4-sp/hard/libc_nano.a(lib_a-memcpy.o)
                              build/main.o (memcpy)
/usr/lib/gcc/arm-none-eabi/7.3.1/../../../arm-none-eabi/lib/thumb/v7e-m/fpv4-sp/hard/libc_nano.a(lib_a-memset.o)
                              /usr/lib/gcc/arm-none-eabi/7.3.1/../../../arm-none-eabi/lib/thumb/v7e-m/fpv4-sp/hard/crt0.o (memset)
/usr/lib/gcc/arm-none-eabi/7.3.1/../../../arm-none-eabi/lib/thumb/v7e-m/fpv4-sp/hard/libc_nano.a(lib_a-__atexit.o)
                              /usr/lib/gcc/arm-none-eabi/7.3.1/../../../arm-none-eabi/lib/thumb/v7e-m/fpv4-sp/hard/libc_nano.a(lib_a-atexit.o) (__register_exitproc)
/usr/lib/gcc/arm-none-eabi/7.3.1/../../../arm-none-eabi/lib/thumb/v7e-m/fpv4-sp/hard/libc_nano.a(lib_a-__call_atexit.o)
                              /usr/lib/gcc/arm-none-eabi/7.3.1/../../../arm-none-eabi/lib/thumb/v7e-m/fpv4-sp/hard/libc_nano.a(lib_a-__atexit.o) (__call_exitprocs)
/usr/lib/gcc/arm-none-eabi/7.3.1/../../../arm-none-eabi/lib/thumb/v7e-m/fpv4-sp/hard/libnosys.a(_exit.o)
                              /usr/lib/gcc/arm-none-eabi/7.3.1/../../../arm-none-eabi/lib/thumb/v7e-m/fpv4-sp/hard/libc_nano.a(lib_a-exit.o) (_exit)
/usr/lib/gcc/arm-none-eabi/7.3.1/thumb/v7e-m/fpv4-sp/hard/libgcc.a(_aeabi_uldivmod.o)
                              build/stm32f4xx_hal_rcc.o (__aeabi_uldivmod)
/usr/lib/gcc/arm-none-eabi/7.3.1/thumb/v7e-m/fpv4-sp/hard/libgcc.a(_udivmoddi4.o)
                              /usr/lib/gcc/arm-none-eabi/7.3.1/thumb/v7e-m/fpv4-sp/hard/libgcc.a(_aeabi_uldivmod.o) (__udivmoddi4)
/usr/lib/gcc/arm-none-eabi/7.3.1/thumb/v7e-m/fpv4-sp/hard/libgcc.a(_dvmd_tls.o)
                              /usr/lib/gcc/arm-none-eabi/7.3.1/thumb/v7e-m/fpv4-sp/hard/libgcc.a(_aeabi_uldivmod.o) (__aeabi_ldiv0)

Allocating common symbols
Common symbol       size              file

hi2c3               0x54              build/main.o
hiwdg               0xc               build/main.o
uwTick              0x4               build/stm32f4xx_hal.o
tunerdata           0x1               build/main.o
pFlash              0x20              build/stm32f4xx_hal_flash.o
hsram1              0x50              build/main.o
htim3               0x40              build/main.o
hdma_usart1_tx      0x60              build/main.o
hadc1               0x48              build/main.o
hdma_usart1_rx      0x60              build/main.o
huart1              0x40              build/main.o
hdma_adc1           0x60              build/main.o
RxBuffer            0x18              build/main.o
TxBuffer            0x10              build/main.o
DMA_RX_Buffer       0x64              build/main.o
transmitBuffer      0x20              build/main.o
midichannel         0x1               build/main.o
receiveBuffer       0x20              build/main.o

Discarded input sections

 .text          0x0000000000000000        0x0 /usr/lib/gcc/arm-none-eabi/7.3.1/thumb/v7e-m/fpv4-sp/hard/crti.o
 .data          0x0000000000000000        0x0 /usr/lib/gcc/arm-none-eabi/7.3.1/thumb/v7e-m/fpv4-sp/hard/crti.o
 .bss           0x0000000000000000        0x0 /usr/lib/gcc/arm-none-eabi/7.3.1/thumb/v7e-m/fpv4-sp/hard/crti.o
 .data          0x0000000000000000        0x4 /usr/lib/gcc/arm-none-eabi/7.3.1/thumb/v7e-m/fpv4-sp/hard/crtbegin.o
 .text          0x0000000000000000       0x68 /usr/lib/gcc/arm-none-eabi/7.3.1/../../../arm-none-eabi/lib/thumb/v7e-m/fpv4-sp/hard/crt0.o
 .data          0x0000000000000000        0x0 /usr/lib/gcc/arm-none-eabi/7.3.1/../../../arm-none-eabi/lib/thumb/v7e-m/fpv4-sp/hard/crt0.o
[...]
Memory Configuration

Name             Origin             Length             Attributes
RAM              0x0000000020000000 0x0000000000040000 xrw
FLASH            0x0000000008000000 0x0000000000100000 xr
*default*        0x0000000000000000 0xffffffffffffffff

Linker script and memory map

LOAD /usr/lib/gcc/arm-none-eabi/7.3.1/thumb/v7e-m/fpv4-sp/hard/crti.o
LOAD /usr/lib/gcc/arm-none-eabi/7.3.1/thumb/v7e-m/fpv4-sp/hard/crtbegin.o
LOAD /usr/lib/gcc/arm-none-eabi/7.3.1/../../../arm-none-eabi/lib/thumb/v7e-m/fpv4-sp/hard/crt0.o
LOAD build/main.o
LOAD build/stm32f4xx_it.o
LOAD build/stm32f4xx_hal_msp.o
LOAD build/stm32f4xx_hal_adc.o
LOAD build/stm32f4xx_hal_adc_ex.o
LOAD build/stm32f4xx_hal_rcc.o
LOAD build/stm32f4xx_hal_rcc_ex.o
LOAD build/stm32f4xx_hal_flash.o
LOAD build/stm32f4xx_hal_flash_ex.o
LOAD build/stm32f4xx_hal_flash_ramfunc.o
LOAD build/stm32f4xx_hal_gpio.o
LOAD build/stm32f4xx_hal_dma_ex.o
LOAD build/stm32f4xx_hal_dma.o
LOAD build/stm32f4xx_hal_pwr.o
LOAD build/stm32f4xx_hal_pwr_ex.o
LOAD build/stm32f4xx_hal_cortex.o
LOAD build/stm32f4xx_hal.o
LOAD build/stm32f4xx_hal_exti.o
LOAD build/stm32f4xx_ll_fsmc.o
LOAD build/stm32f4xx_hal_sram.o
LOAD build/stm32f4xx_hal_i2c.o
LOAD build/stm32f4xx_hal_i2c_ex.o
LOAD build/stm32f4xx_hal_iwdg.o
LOAD build/stm32f4xx_hal_tim.o
LOAD build/stm32f4xx_hal_tim_ex.o
LOAD build/stm32f4xx_hal_uart.o
LOAD build/system_stm32f4xx.o
LOAD build/ssd1309_fsmc.o
LOAD build/startup_stm32f412rx.o
LOAD /usr/lib/gcc/arm-none-eabi/7.3.1/../../../arm-none-eabi/lib/thumb/v7e-m/fpv4-sp/hard/libc_nano.a
LOAD /usr/lib/gcc/arm-none-eabi/7.3.1/../../../arm-none-eabi/lib/thumb/v7e-m/fpv4-sp/hard/libm.a
LOAD /usr/lib/gcc/arm-none-eabi/7.3.1/../../../arm-none-eabi/lib/thumb/v7e-m/fpv4-sp/hard/libnosys.a
START GROUP
LOAD /usr/lib/gcc/arm-none-eabi/7.3.1/thumb/v7e-m/fpv4-sp/hard/libgcc.a
LOAD /usr/lib/gcc/arm-none-eabi/7.3.1/../../../arm-none-eabi/lib/thumb/v7e-m/fpv4-sp/hard/libc_nano.a
END GROUP
START GROUP
LOAD /usr/lib/gcc/arm-none-eabi/7.3.1/thumb/v7e-m/fpv4-sp/hard/libgcc.a
LOAD /usr/lib/gcc/arm-none-eabi/7.3.1/../../../arm-none-eabi/lib/thumb/v7e-m/fpv4-sp/hard/libc_nano.a
END GROUP
LOAD /usr/lib/gcc/arm-none-eabi/7.3.1/thumb/v7e-m/fpv4-sp/hard/crtend.o
LOAD /usr/lib/gcc/arm-none-eabi/7.3.1/thumb/v7e-m/fpv4-sp/hard/crtn.o
                0x0000000020040000                _estack = 0x20040000
                0x0000000000000200                _Min_Heap_Size = 0x200
                0x0000000000000400                _Min_Stack_Size = 0x400

.isr_vector     0x0000000008000000      0x1c4
                0x0000000008000000                . = ALIGN (0x4)
 *(.isr_vector)
 .isr_vector    0x0000000008000000      0x1c4 build/startup_stm32f412rx.o
                0x0000000008000000                g_pfnVectors
                0x00000000080001c4                . = ALIGN (0x4)

.text           0x00000000080001c4     0x4480
                0x00000000080001c4                . = ALIGN (0x4)
 *(.text)
 .text          0x00000000080001c4       0x88 /usr/lib/gcc/arm-none-eabi/7.3.1/thumb/v7e-m/fpv4-sp/hard/crtbegin.o
 .text          0x000000000800024c       0x48 /usr/lib/gcc/arm-none-eabi/7.3.1/../../../arm-none-eabi/lib/thumb/v7e-m/fpv4-sp/hard/libc_nano.a(lib_a-init.o)
                0x000000000800024c                __libc_init_array
 .text          0x0000000008000294      0x134 /usr/lib/gcc/arm-none-eabi/7.3.1/../../../arm-none-eabi/lib/thumb/v7e-m/fpv4-sp/hard/libc_nano.a(lib_a-memcpy.o)
                0x0000000008000294                memcpy
 .text          0x00000000080003c8       0x94 /usr/lib/gcc/arm-none-eabi/7.3.1/../../../arm-none-eabi/lib/thumb/v7e-m/fpv4-sp/hard/libc_nano.a(lib_a-memset.o)
                0x00000000080003c8                memset
 .text          0x000000000800045c       0x30 /usr/lib/gcc/arm-none-eabi/7.3.1/thumb/v7e-m/fpv4-sp/hard/libgcc.a(_aeabi_uldivmod.o)
                0x000000000800045c                __aeabi_uldivmod
 .text          0x000000000800048c      0x2cc /usr/lib/gcc/arm-none-eabi/7.3.1/thumb/v7e-m/fpv4-sp/hard/libgcc.a(_udivmoddi4.o)
                0x000000000800048c                __udivmoddi4
 .text          0x0000000008000758        0x4 /usr/lib/gcc/arm-none-eabi/7.3.1/thumb/v7e-m/fpv4-sp/hard/libgcc.a(_dvmd_tls.o)
                0x0000000008000758                __aeabi_ldiv0
                0x0000000008000758                __aeabi_idiv0
 *(.text*)
 .text.MX_GPIO_Init
                0x000000000800075c      0x104 build/main.o
 .text.MX_DMA_Init
                0x0000000008000860       0x54 build/main.o
 .text.MX_ADC1_Init
                0x00000000080008b4       0x68 build/main.o
 .text.MX_FSMC_Init
                0x000000000800091c       0x60 build/main.o
 .text.MX_I2C3_Init
                0x000000000800097c       0x34 build/main.o
 .text.MX_USART1_UART_Init
                0x00000000080009b0       0x2c build/main.o
 .text.MX_TIM3_Init
                0x00000000080009dc       0x60 build/main.o
 .text.midisend
                0x0000000008000a3c       0x8c build/main.o
                0x0000000008000a3c                midisend
 .text.SystemClock_Config
                0x0000000008000ac8       0x98 build/main.o
                0x0000000008000ac8                SystemClock_Config
 .text.main     0x0000000008000b60       0xf8 build/main.o
                0x0000000008000b60                main
 .text.HAL_UART_TxCpltCallback
                0x0000000008000c58       0x10 build/main.o
                0x0000000008000c58                HAL_UART_TxCpltCallback
 .text.DMA_Usart_RXStart
                0x0000000008000c68       0x28 build/main.o
                0x0000000008000c68                DMA_Usart_RXStart
 .text.DMA_IrqHandler
                0x0000000008000c90       0x4c build/main.o
                0x0000000008000c90                DMA_IrqHandler
 .text.Error_Handler
                0x0000000008000cdc        0x2 build/main.o
                0x0000000008000cdc                Error_Handler
 .text.NMI_Handler
                0x0000000008000cde        0x2 build/stm32f4xx_it.o
                0x0000000008000cde                NMI_Handler
 .text.HardFault_Handler
                0x0000000008000ce0        0x2 build/stm32f4xx_it.o
                0x0000000008000ce0                HardFault_Handler
 .text.MemManage_Handler
                0x0000000008000ce2        0x2 build/stm32f4xx_it.o
                0x0000000008000ce2                MemManage_Handler
 .text.BusFault_Handler
                0x0000000008000ce4        0x2 build/stm32f4xx_it.o
                0x0000000008000ce4                BusFault_Handler
 .text.UsageFault_Handler
                0x0000000008000ce6        0x2 build/stm32f4xx_it.o
                0x0000000008000ce6                UsageFault_Handler
 .text.SVC_Handler
                0x0000000008000ce8        0x2 build/stm32f4xx_it.o
                0x0000000008000ce8                SVC_Handler
 .text.DebugMon_Handler
                0x0000000008000cea        0x2 build/stm32f4xx_it.o
                0x0000000008000cea                DebugMon_Handler
 .text.PendSV_Handler
                0x0000000008000cec        0x2 build/stm32f4xx_it.o
                0x0000000008000cec                PendSV_Handler
 .text.SysTick_Handler
                0x0000000008000cee        0x8 build/stm32f4xx_it.o
                0x0000000008000cee                SysTick_Handler
 *fill*         0x0000000008000cf6        0x2 
 .text.TIM3_IRQHandler
                0x0000000008000cf8       0x14 build/stm32f4xx_it.o
                0x0000000008000cf8                TIM3_IRQHandler
 .text.USART1_IRQHandler
                0x0000000008000d0c       0x3c build/stm32f4xx_it.o
                0x0000000008000d0c                USART1_IRQHandler
 .text.DMA2_Stream0_IRQHandler
                0x0000000008000d48       0x10 build/stm32f4xx_it.o
                0x0000000008000d48                DMA2_Stream0_IRQHandler
 .text.DMA2_Stream2_IRQHandler
                0x0000000008000d58       0x1c build/stm32f4xx_it.o
                0x0000000008000d58                DMA2_Stream2_IRQHandler
 .text.DMA2_Stream7_IRQHandler
                0x0000000008000d74       0x10 build/stm32f4xx_it.o
                0x0000000008000d74                DMA2_Stream7_IRQHandler
 .text.I2C3_EV_IRQHandler
                0x0000000008000d84       0x10 build/stm32f4xx_it.o
                0x0000000008000d84                I2C3_EV_IRQHandler
 .text.I2C3_ER_IRQHandler
                0x0000000008000d94       0x10 build/stm32f4xx_it.o
                0x0000000008000d94                I2C3_ER_IRQHandler
 .text.HAL_FSMC_MspInit
                0x0000000008000da4       0xc0 build/stm32f4xx_hal_msp.o
 .text.HAL_MspInit
                0x0000000008000e64       0x38 build/stm32f4xx_hal_msp.o
                0x0000000008000e64                HAL_MspInit
 .text.HAL_ADC_MspInit
                0x0000000008000e9c       0xa8 build/stm32f4xx_hal_msp.o
                0x0000000008000e9c                HAL_ADC_MspInit
 .text.HAL_I2C_MspInit
                0x0000000008000f44       0xd4 build/stm32f4xx_hal_msp.o
                0x0000000008000f44                HAL_I2C_MspInit
 .text.HAL_TIM_OC_MspInit
                0x0000000008001018       0x40 build/stm32f4xx_hal_msp.o
                0x0000000008001018                HAL_TIM_OC_MspInit
 .text.HAL_UART_MspInit
                0x0000000008001058       0xfc build/stm32f4xx_hal_msp.o
                0x0000000008001058                HAL_UART_MspInit
 .text.HAL_SRAM_MspInit
                0x0000000008001154        0x8 build/stm32f4xx_hal_msp.o
                0x0000000008001154                HAL_SRAM_MspInit
 .text.ADC_Init
                0x000000000800115c      0x134 build/stm32f4xx_hal_adc.o
 .text.HAL_ADC_Init
                0x0000000008001290       0x56 build/stm32f4xx_hal_adc.o
                0x0000000008001290                HAL_ADC_Init
 *fill*         0x00000000080012e6        0x2 
 .text.HAL_ADC_ConfigChannel
                0x00000000080012e8      0x190 build/stm32f4xx_hal_adc.o
                0x00000000080012e8                HAL_ADC_ConfigChannel
 .text.HAL_RCC_GetSysClockFreq
                0x0000000008001478       0xd8 build/stm32f4xx_hal_rcc.o
                0x0000000008001478                HAL_RCC_GetSysClockFreq
 .text.HAL_RCC_ClockConfig
                0x0000000008001550      0x160 build/stm32f4xx_hal_rcc.o
                0x0000000008001550                HAL_RCC_ClockConfig
 .text.HAL_RCC_GetHCLKFreq
                0x00000000080016b0        0xc build/stm32f4xx_hal_rcc.o
                0x00000000080016b0                HAL_RCC_GetHCLKFreq
 .text.HAL_RCC_GetPCLK1Freq
                0x00000000080016bc       0x20 build/stm32f4xx_hal_rcc.o
                0x00000000080016bc                HAL_RCC_GetPCLK1Freq
 .text.HAL_RCC_GetPCLK2Freq
                0x00000000080016dc       0x20 build/stm32f4xx_hal_rcc.o
                0x00000000080016dc                HAL_RCC_GetPCLK2Freq
 .text.HAL_RCC_OscConfig
                0x00000000080016fc      0x390 build/stm32f4xx_hal_rcc_ex.o
                0x00000000080016fc                HAL_RCC_OscConfig
 .text.HAL_GPIO_Init
                0x0000000008001a8c      0x198 build/stm32f4xx_hal_gpio.o
                0x0000000008001a8c                HAL_GPIO_Init
 .text.HAL_GPIO_WritePin
                0x0000000008001c24        0xc build/stm32f4xx_hal_gpio.o
                0x0000000008001c24                HAL_GPIO_WritePin
 .text.DMA_SetConfig
                0x0000000008001c30       0x2c build/stm32f4xx_hal_dma.o
 .text.DMA_CalcBaseAndBitshift
                0x0000000008001c5c       0x3c build/stm32f4xx_hal_dma.o
 .text.DMA_CheckFifoParam
                0x0000000008001c98       0x8e build/stm32f4xx_hal_dma.o
 *fill*         0x0000000008001d26        0x2 
 .text.HAL_DMA_Init
                0x0000000008001d28       0xcc build/stm32f4xx_hal_dma.o
                0x0000000008001d28                HAL_DMA_Init
 .text.HAL_DMA_Start_IT
                0x0000000008001df4       0x6a build/stm32f4xx_hal_dma.o
                0x0000000008001df4                HAL_DMA_Start_IT
 .text.HAL_DMA_Abort_IT
                0x0000000008001e5e       0x26 build/stm32f4xx_hal_dma.o
                0x0000000008001e5e                HAL_DMA_Abort_IT
 .text.HAL_DMA_IRQHandler
                0x0000000008001e84      0x1dc build/stm32f4xx_hal_dma.o
                0x0000000008001e84                HAL_DMA_IRQHandler
 .text.HAL_DMA_GetState
                0x0000000008002060        0x6 build/stm32f4xx_hal_dma.o
                0x0000000008002060                HAL_DMA_GetState
 *fill*         0x0000000008002066        0x2 
 .text.HAL_NVIC_SetPriorityGrouping
                0x0000000008002068       0x24 build/stm32f4xx_hal_cortex.o
                0x0000000008002068                HAL_NVIC_SetPriorityGrouping
 .text.HAL_NVIC_SetPriority
                0x000000000800208c       0x68 build/stm32f4xx_hal_cortex.o
                0x000000000800208c                HAL_NVIC_SetPriority
 .text.HAL_NVIC_EnableIRQ
                0x00000000080020f4       0x1c build/stm32f4xx_hal_cortex.o
                0x00000000080020f4                HAL_NVIC_EnableIRQ
 .text.HAL_SYSTICK_Config
                0x0000000008002110       0x2c build/stm32f4xx_hal_cortex.o
                0x0000000008002110                HAL_SYSTICK_Config
 .text.HAL_InitTick
                0x000000000800213c       0x4c build/stm32f4xx_hal.o
                0x000000000800213c                HAL_InitTick
 .text.HAL_Init
                0x0000000008002188       0x34 build/stm32f4xx_hal.o
                0x0000000008002188                HAL_Init
 .text.HAL_IncTick
                0x00000000080021bc       0x18 build/stm32f4xx_hal.o
                0x00000000080021bc                HAL_IncTick
 .text.HAL_GetTick
                0x00000000080021d4        0xc build/stm32f4xx_hal.o
                0x00000000080021d4                HAL_GetTick
 .text.FSMC_NORSRAM_Init
                0x00000000080021e0       0x80 build/stm32f4xx_ll_fsmc.o
                0x00000000080021e0                FSMC_NORSRAM_Init
 .text.FSMC_NORSRAM_Timing_Init
                0x0000000008002260       0x58 build/stm32f4xx_ll_fsmc.o
                0x0000000008002260                FSMC_NORSRAM_Timing_Init
 .text.FSMC_NORSRAM_Extended_Timing_Init
                0x00000000080022b8       0x44 build/stm32f4xx_ll_fsmc.o
                0x00000000080022b8                FSMC_NORSRAM_Extended_Timing_Init
 .text.HAL_SRAM_Init
                0x00000000080022fc       0x52 build/stm32f4xx_hal_sram.o
                0x00000000080022fc                HAL_SRAM_Init
 .text.I2C_MemoryTransmit_TXE_BTF
                0x000000000800234e       0x82 build/stm32f4xx_hal_i2c.o
 .text.I2C_Master_SB
                0x00000000080023d0       0xaa build/stm32f4xx_hal_i2c.o
 .text.I2C_Master_ADD10
                0x000000000800247a       0x2e build/stm32f4xx_hal_i2c.o
 .text.I2C_Master_ADDR
                0x00000000080024a8      0x206 build/stm32f4xx_hal_i2c.o
 .text.I2C_SlaveTransmit_BTF
                0x00000000080026ae       0x1e build/stm32f4xx_hal_i2c.o
 .text.I2C_SlaveReceive_BTF
                0x00000000080026cc       0x1e build/stm32f4xx_hal_i2c.o
 .text.I2C_ConvertOtherXferOptions
                0x00000000080026ea       0x1e build/stm32f4xx_hal_i2c.o
 .text.HAL_I2C_Init
                0x0000000008002708      0x1b4 build/stm32f4xx_hal_i2c.o
                0x0000000008002708                HAL_I2C_Init
 .text.HAL_I2C_MasterTxCpltCallback
                0x00000000080028bc        0x2 build/stm32f4xx_hal_i2c.o
                0x00000000080028bc                HAL_I2C_MasterTxCpltCallback
 .text.HAL_I2C_MasterRxCpltCallback
                0x00000000080028be        0x2 build/stm32f4xx_hal_i2c.o
                0x00000000080028be                HAL_I2C_MasterRxCpltCallback
 .text.HAL_I2C_SlaveTxCpltCallback
                0x00000000080028c0        0x2 build/stm32f4xx_hal_i2c.o
                0x00000000080028c0                HAL_I2C_SlaveTxCpltCallback
 .text.I2C_SlaveTransmit_TXE
                0x00000000080028c2       0x4a build/stm32f4xx_hal_i2c.o
 .text.HAL_I2C_SlaveRxCpltCallback
                0x000000000800290c        0x2 build/stm32f4xx_hal_i2c.o
                0x000000000800290c                HAL_I2C_SlaveRxCpltCallback
 .text.I2C_SlaveReceive_RXNE
                0x000000000800290e       0x4a build/stm32f4xx_hal_i2c.o
 .text.HAL_I2C_AddrCallback
                0x0000000008002958        0x2 build/stm32f4xx_hal_i2c.o
                0x0000000008002958                HAL_I2C_AddrCallback
 .text.I2C_Slave_ADDR
                0x000000000800295a       0x4e build/stm32f4xx_hal_i2c.o
 .text.HAL_I2C_ListenCpltCallback
                0x00000000080029a8        0x2 build/stm32f4xx_hal_i2c.o
                0x00000000080029a8                HAL_I2C_ListenCpltCallback
 *fill*         0x00000000080029aa        0x2 
 .text.I2C_Slave_AF
                0x00000000080029ac       0x94 build/stm32f4xx_hal_i2c.o
 .text.HAL_I2C_MemTxCpltCallback
                0x0000000008002a40        0x2 build/stm32f4xx_hal_i2c.o
                0x0000000008002a40                HAL_I2C_MemTxCpltCallback
 .text.I2C_MasterTransmit_TXE
                0x0000000008002a42       0xce build/stm32f4xx_hal_i2c.o
 .text.I2C_MasterTransmit_BTF
                0x0000000008002b10       0xac build/stm32f4xx_hal_i2c.o
 .text.HAL_I2C_MemRxCpltCallback
                0x0000000008002bbc        0x2 build/stm32f4xx_hal_i2c.o
                0x0000000008002bbc                HAL_I2C_MemRxCpltCallback
 .text.I2C_MasterReceive_RXNE
                0x0000000008002bbe       0xa2 build/stm32f4xx_hal_i2c.o
 .text.I2C_MasterReceive_BTF
                0x0000000008002c60      0x11e build/stm32f4xx_hal_i2c.o
 .text.HAL_I2C_ErrorCallback
                0x0000000008002d7e        0x2 build/stm32f4xx_hal_i2c.o
                0x0000000008002d7e                HAL_I2C_ErrorCallback
 .text.HAL_I2C_AbortCpltCallback
                0x0000000008002d80        0x2 build/stm32f4xx_hal_i2c.o
                0x0000000008002d80                HAL_I2C_AbortCpltCallback
 .text.I2C_DMAAbort
                0x0000000008002d82       0x9a build/stm32f4xx_hal_i2c.o
 .text.I2C_ITError
                0x0000000008002e1c      0x170 build/stm32f4xx_hal_i2c.o
 .text.I2C_Slave_STOPF
                0x0000000008002f8c      0x188 build/stm32f4xx_hal_i2c.o
 .text.HAL_I2C_EV_IRQHandler
                0x0000000008003114      0x18c build/stm32f4xx_hal_i2c.o
                0x0000000008003114                HAL_I2C_EV_IRQHandler
 .text.HAL_I2C_ER_IRQHandler
                0x00000000080032a0       0xc4 build/stm32f4xx_hal_i2c.o
                0x00000000080032a0                HAL_I2C_ER_IRQHandler
 .text.TIM_OC1_SetConfig
                0x0000000008003364       0x68 build/stm32f4xx_hal_tim.o
 .text.TIM_OC3_SetConfig
                0x00000000080033cc       0x70 build/stm32f4xx_hal_tim.o
 .text.TIM_OC4_SetConfig
                0x000000000800343c       0x50 build/stm32f4xx_hal_tim.o
 .text.HAL_TIM_Base_Start_IT
                0x000000000800348c       0x22 build/stm32f4xx_hal_tim.o
                0x000000000800348c                HAL_TIM_Base_Start_IT
 .text.HAL_TIM_PeriodElapsedCallback
                0x00000000080034ae        0x2 build/stm32f4xx_hal_tim.o
                0x00000000080034ae                HAL_TIM_PeriodElapsedCallback
 .text.HAL_TIM_OC_DelayElapsedCallback
                0x00000000080034b0        0x2 build/stm32f4xx_hal_tim.o
                0x00000000080034b0                HAL_TIM_OC_DelayElapsedCallback
 .text.HAL_TIM_IC_CaptureCallback
                0x00000000080034b2        0x2 build/stm32f4xx_hal_tim.o
                0x00000000080034b2                HAL_TIM_IC_CaptureCallback
 .text.HAL_TIM_PWM_PulseFinishedCallback
                0x00000000080034b4        0x2 build/stm32f4xx_hal_tim.o
                0x00000000080034b4                HAL_TIM_PWM_PulseFinishedCallback
 .text.HAL_TIM_TriggerCallback
                0x00000000080034b6        0x2 build/stm32f4xx_hal_tim.o
                0x00000000080034b6                HAL_TIM_TriggerCallback
 .text.HAL_TIM_IRQHandler
                0x00000000080034b8      0x17a build/stm32f4xx_hal_tim.o
                0x00000000080034b8                HAL_TIM_IRQHandler
 *fill*         0x0000000008003632        0x2 
 .text.TIM_Base_SetConfig
                0x0000000008003634       0xc8 build/stm32f4xx_hal_tim.o
                0x0000000008003634                TIM_Base_SetConfig
 .text.HAL_TIM_OC_Init
                0x00000000080036fc       0x32 build/stm32f4xx_hal_tim.o
                0x00000000080036fc                HAL_TIM_OC_Init
 *fill*         0x000000000800372e        0x2 
 .text.TIM_OC2_SetConfig
                0x0000000008003730       0x70 build/stm32f4xx_hal_tim.o
                0x0000000008003730                TIM_OC2_SetConfig
 .text.HAL_TIM_OC_ConfigChannel
                0x00000000080037a0       0x5e build/stm32f4xx_hal_tim.o
                0x00000000080037a0                HAL_TIM_OC_ConfigChannel
 *fill*         0x00000000080037fe        0x2 
 .text.HAL_TIMEx_MasterConfigSynchronization
                0x0000000008003800       0x88 build/stm32f4xx_hal_tim_ex.o
                0x0000000008003800                HAL_TIMEx_MasterConfigSynchronization
 .text.HAL_TIMEx_CommutCallback
                0x0000000008003888        0x2 build/stm32f4xx_hal_tim_ex.o
                0x0000000008003888                HAL_TIMEx_CommutCallback
 .text.HAL_TIMEx_BreakCallback
                0x000000000800388a        0x2 build/stm32f4xx_hal_tim_ex.o
                0x000000000800388a                HAL_TIMEx_BreakCallback
 .text.UART_EndTxTransfer
                0x000000000800388c       0x12 build/stm32f4xx_hal_uart.o
 .text.UART_EndRxTransfer
                0x000000000800389e       0x1c build/stm32f4xx_hal_uart.o
 .text.UART_Transmit_IT
                0x00000000080038ba       0x68 build/stm32f4xx_hal_uart.o
 *fill*         0x0000000008003922        0x2 
 .text.UART_SetConfig
                0x0000000008003924      0x218 build/stm32f4xx_hal_uart.o
 .text.HAL_UART_Init
                0x0000000008003b3c       0x5e build/stm32f4xx_hal_uart.o
                0x0000000008003b3c                HAL_UART_Init
 .text.HAL_UART_Transmit_IT
                0x0000000008003b9a       0x48 build/stm32f4xx_hal_uart.o
                0x0000000008003b9a                HAL_UART_Transmit_IT
 *fill*         0x0000000008003be2        0x2 
 .text.HAL_UART_Receive_DMA
                0x0000000008003be4       0xa8 build/stm32f4xx_hal_uart.o
                0x0000000008003be4                HAL_UART_Receive_DMA
 .text.UART_EndTransmit_IT
                0x0000000008003c8c       0x1a build/stm32f4xx_hal_uart.o
 .text.HAL_UART_RxCpltCallback
                0x0000000008003ca6        0x2 build/stm32f4xx_hal_uart.o
                0x0000000008003ca6                HAL_UART_RxCpltCallback
 .text.UART_DMAReceiveCplt
                0x0000000008003ca8       0x3e build/stm32f4xx_hal_uart.o
 .text.UART_Receive_IT
                0x0000000008003ce6       0x9c build/stm32f4xx_hal_uart.o
 .text.HAL_UART_RxHalfCpltCallback
                0x0000000008003d82        0x2 build/stm32f4xx_hal_uart.o
                0x0000000008003d82                HAL_UART_RxHalfCpltCallback
 .text.UART_DMARxHalfCplt
                0x0000000008003d84        0xa build/stm32f4xx_hal_uart.o
 .text.HAL_UART_ErrorCallback
                0x0000000008003d8e        0x2 build/stm32f4xx_hal_uart.o
                0x0000000008003d8e                HAL_UART_ErrorCallback
 .text.UART_DMAError
                0x0000000008003d90       0x58 build/stm32f4xx_hal_uart.o
 .text.HAL_UART_IRQHandler
                0x0000000008003de8      0x128 build/stm32f4xx_hal_uart.o
                0x0000000008003de8                HAL_UART_IRQHandler
 .text.UART_DMAAbortOnError
                0x0000000008003f10       0x10 build/stm32f4xx_hal_uart.o
 .text.SystemInit
                0x0000000008003f20       0x1c build/system_stm32f4xx.o
                0x0000000008003f20                SystemInit
 .text.delay    0x0000000008003f3c       0x24 build/ssd1309_fsmc.o
 .text.Write_Command
                0x0000000008003f60        0x8 build/ssd1309_fsmc.o
                0x0000000008003f60                Write_Command
 .text.Write_Data
                0x0000000008003f68        0xc build/ssd1309_fsmc.o
                0x0000000008003f68                Write_Data
 .text.Set_Start_Column
                0x0000000008003f74       0x16 build/ssd1309_fsmc.o
                0x0000000008003f74                Set_Start_Column
 .text.Set_Addressing_Mode
                0x0000000008003f8a       0x12 build/ssd1309_fsmc.o
                0x0000000008003f8a                Set_Addressing_Mode
 .text.Set_Start_Line
                0x0000000008003f9c        0xc build/ssd1309_fsmc.o
                0x0000000008003f9c                Set_Start_Line
 .text.Set_Contrast_Control
                0x0000000008003fa8       0x12 build/ssd1309_fsmc.o
                0x0000000008003fa8                Set_Contrast_Control
 .text.Set_Segment_Remap
                0x0000000008003fba        0x8 build/ssd1309_fsmc.o
                0x0000000008003fba                Set_Segment_Remap
 .text.Set_Entire_Display
                0x0000000008003fc2        0x8 build/ssd1309_fsmc.o
                0x0000000008003fc2                Set_Entire_Display
 .text.Set_Inverse_Display
                0x0000000008003fca        0x8 build/ssd1309_fsmc.o
                0x0000000008003fca                Set_Inverse_Display
 .text.Set_Multiplex_Ratio
                0x0000000008003fd2       0x12 build/ssd1309_fsmc.o
                0x0000000008003fd2                Set_Multiplex_Ratio
 .text.Set_Display_On_Off
                0x0000000008003fe4       0x28 build/ssd1309_fsmc.o
                0x0000000008003fe4                Set_Display_On_Off
 .text.Set_Start_Page
                0x000000000800400c        0xc build/ssd1309_fsmc.o
                0x000000000800400c                Set_Start_Page
 .text.Set_Common_Remap
                0x0000000008004018        0x8 build/ssd1309_fsmc.o
                0x0000000008004018                Set_Common_Remap
 .text.Set_Display_Offset
                0x0000000008004020       0x12 build/ssd1309_fsmc.o
                0x0000000008004020                Set_Display_Offset
 .text.Set_Display_Clock
                0x0000000008004032       0x12 build/ssd1309_fsmc.o
                0x0000000008004032                Set_Display_Clock
 .text.Set_Precharge_Period
                0x0000000008004044       0x12 build/ssd1309_fsmc.o
                0x0000000008004044                Set_Precharge_Period
 .text.Set_Common_Config
                0x0000000008004056       0x12 build/ssd1309_fsmc.o
                0x0000000008004056                Set_Common_Config
 .text.Set_VCOMH
                0x0000000008004068       0x12 build/ssd1309_fsmc.o
                0x0000000008004068                Set_VCOMH
 .text.Set_Command_Lock
                0x000000000800407a       0x12 build/ssd1309_fsmc.o
                0x000000000800407a                Set_Command_Lock
 .text.Fill_RAM
                0x000000000800408c       0x32 build/ssd1309_fsmc.o
                0x000000000800408c                Fill_RAM
 *fill*         0x00000000080040be        0x2 
 .text.OLED_Init
                0x00000000080040c0       0xa0 build/ssd1309_fsmc.o
                0x00000000080040c0                OLED_Init
 .text.Show_Font_LucidaSans30
                0x0000000008004160       0xb8 build/ssd1309_fsmc.o
                0x0000000008004160                Show_Font_LucidaSans30
 .text.ShowPitch
                0x0000000008004218      0x194 build/ssd1309_fsmc.o
                0x0000000008004218                ShowPitch
 .text.ShowFinePitch
                0x00000000080043ac      0x200 build/ssd1309_fsmc.o
                0x00000000080043ac                ShowFinePitch
 .text.Show_Numbers
                0x00000000080045ac       0x2c build/ssd1309_fsmc.o
                0x00000000080045ac                Show_Numbers
 .text.Reset_Handler
                0x00000000080045d8       0x50 build/startup_stm32f412rx.o
                0x00000000080045d8                Reset_Handler
 .text.Default_Handler
                0x0000000008004628        0x2 build/startup_stm32f412rx.o
                0x0000000008004628                RTC_Alarm_IRQHandler
                0x0000000008004628                EXTI2_IRQHandler
                0x0000000008004628                TIM8_CC_IRQHandler
                0x0000000008004628                FMPI2C1_EV_IRQHandler
                0x0000000008004628                SPI4_IRQHandler
                0x0000000008004628                TIM1_CC_IRQHandler
                0x0000000008004628                DMA2_Stream5_IRQHandler
                0x0000000008004628                DMA1_Stream5_IRQHandler
                0x0000000008004628                TIM6_IRQHandler
                0x0000000008004628                PVD_IRQHandler
                0x0000000008004628                SDIO_IRQHandler
                0x0000000008004628                TAMP_STAMP_IRQHandler
                0x0000000008004628                CAN2_RX1_IRQHandler
                0x0000000008004628                EXTI3_IRQHandler
                0x0000000008004628                TIM8_TRG_COM_TIM14_IRQHandler
                0x0000000008004628                DFSDM1_FLT1_IRQHandler
                0x0000000008004628                TIM1_UP_TIM10_IRQHandler
                0x0000000008004628                TIM8_UP_TIM13_IRQHandler
                0x0000000008004628                EXTI0_IRQHandler
                0x0000000008004628                I2C2_EV_IRQHandler
                0x0000000008004628                DMA1_Stream2_IRQHandler
                0x0000000008004628                CAN1_RX0_IRQHandler
                0x0000000008004628                FPU_IRQHandler
                0x0000000008004628                CAN2_SCE_IRQHandler
                0x0000000008004628                SPI1_IRQHandler
                0x0000000008004628                TIM1_BRK_TIM9_IRQHandler
                0x0000000008004628                CAN2_RX0_IRQHandler
                0x0000000008004628                DMA2_Stream3_IRQHandler
                0x0000000008004628                USART6_IRQHandler
                0x0000000008004628                USART3_IRQHandler
                0x0000000008004628                CAN1_RX1_IRQHandler
                0x0000000008004628                TIM4_IRQHandler
                0x0000000008004628                QUADSPI_IRQHandler
                0x0000000008004628                I2C1_EV_IRQHandler
                0x0000000008004628                DMA1_Stream6_IRQHandler
                0x0000000008004628                DMA1_Stream1_IRQHandler
                0x0000000008004628                RCC_IRQHandler
                0x0000000008004628                TIM8_BRK_TIM12_IRQHandler
                0x0000000008004628                Default_Handler
                0x0000000008004628                EXTI15_10_IRQHandler
                0x0000000008004628                ADC_IRQHandler
                0x0000000008004628                DMA1_Stream7_IRQHandler
                0x0000000008004628                SPI5_IRQHandler
                0x0000000008004628                TIM7_IRQHandler
                0x0000000008004628                CAN2_TX_IRQHandler
                0x0000000008004628                TIM5_IRQHandler
                0x0000000008004628                EXTI9_5_IRQHandler
                0x0000000008004628                RTC_WKUP_IRQHandler
                0x0000000008004628                SPI2_IRQHandler
                0x0000000008004628                DMA1_Stream0_IRQHandler
                0x0000000008004628                CAN1_TX_IRQHandler
                0x0000000008004628                FMPI2C1_ER_IRQHandler
                0x0000000008004628                EXTI4_IRQHandler
                0x0000000008004628                RNG_IRQHandler
                0x0000000008004628                WWDG_IRQHandler
                0x0000000008004628                TIM2_IRQHandler
                0x0000000008004628                OTG_FS_WKUP_IRQHandler
                0x0000000008004628                TIM1_TRG_COM_TIM11_IRQHandler
                0x0000000008004628                EXTI1_IRQHandler
                0x0000000008004628                USART2_IRQHandler
                0x0000000008004628                DFSDM1_FLT0_IRQHandler
                0x0000000008004628                I2C2_ER_IRQHandler
                0x0000000008004628                DMA2_Stream1_IRQHandler
                0x0000000008004628                CAN1_SCE_IRQHandler
                0x0000000008004628                FLASH_IRQHandler
                0x0000000008004628                DMA2_Stream4_IRQHandler
                0x0000000008004628                OTG_FS_IRQHandler
                0x0000000008004628                SPI3_IRQHandler
                0x0000000008004628                DMA1_Stream4_IRQHandler
                0x0000000008004628                I2C1_ER_IRQHandler
                0x0000000008004628                DMA2_Stream6_IRQHandler
                0x0000000008004628                DMA1_Stream3_IRQHandler
 *(.glue_7)
 .glue_7        0x000000000800462a        0x0 linker stubs
 *(.glue_7t)
 .glue_7t       0x000000000800462a        0x0 linker stubs
 *(.eh_frame)
 *fill*         0x000000000800462a        0x2 
 .eh_frame      0x000000000800462c        0x0 /usr/lib/gcc/arm-none-eabi/7.3.1/thumb/v7e-m/fpv4-sp/hard/crtbegin.o
 *(.init)
 .init          0x000000000800462c        0x4 /usr/lib/gcc/arm-none-eabi/7.3.1/thumb/v7e-m/fpv4-sp/hard/crti.o
                0x000000000800462c                _init
 .init          0x0000000008004630        0x8 /usr/lib/gcc/arm-none-eabi/7.3.1/thumb/v7e-m/fpv4-sp/hard/crtn.o
 *(.fini)
 .fini          0x0000000008004638        0x4 /usr/lib/gcc/arm-none-eabi/7.3.1/thumb/v7e-m/fpv4-sp/hard/crti.o
                0x0000000008004638                _fini
 .fini          0x000000000800463c        0x8 /usr/lib/gcc/arm-none-eabi/7.3.1/thumb/v7e-m/fpv4-sp/hard/crtn.o
                0x0000000008004644                . = ALIGN (0x4)
                0x0000000008004644                _etext = .

.vfp11_veneer   0x0000000008004644        0x0
 .vfp11_veneer  0x0000000008004644        0x0 linker stubs

.v4_bx          0x0000000008004644        0x0
 .v4_bx         0x0000000008004644        0x0 linker stubs

.iplt           0x0000000008004644        0x0
 .iplt          0x0000000008004644        0x0 /usr/lib/gcc/arm-none-eabi/7.3.1/thumb/v7e-m/fpv4-sp/hard/crtbegin.o

.rodata         0x0000000008004644      0x6c0
                0x0000000008004644                . = ALIGN (0x4)
 *(.rodata)
 *(.rodata*)
 .rodata.flagBitshiftOffset.8625
                0x0000000008004644        0x8 build/stm32f4xx_hal_dma.o
 .rodata.AHBPrescTable
                0x000000000800464c       0x10 build/system_stm32f4xx.o
                0x000000000800464c                AHBPrescTable
 .rodata.APBPrescTable
                0x000000000800465c        0x8 build/system_stm32f4xx.o
                0x000000000800465c                APBPrescTable
 .rodata.lucidaSansUnicode_30ptBitmaps
                0x0000000008004664      0x348 build/ssd1309_fsmc.o
                0x0000000008004664                lucidaSansUnicode_30ptBitmaps
 .rodata.lucidaSansUnicode_30ptBitmaps_pitch
                0x00000000080049ac      0x2f4 build/ssd1309_fsmc.o
                0x00000000080049ac                lucidaSansUnicode_30ptBitmaps_pitch
 .rodata.microsoftSansSerif_14ptBitmaps
                0x0000000008004ca0       0x28 build/ssd1309_fsmc.o
                0x0000000008004ca0                microsoftSansSerif_14ptBitmaps
 .rodata.microsoftSansSerif_24ptBitmaps
                0x0000000008004cc8       0x3c build/ssd1309_fsmc.o
                0x0000000008004cc8                microsoftSansSerif_24ptBitmaps
                0x0000000008004d04                . = ALIGN (0x4)

.ARM.extab
 *(.ARM.extab* .gnu.linkonce.armextab.*)

.ARM            0x0000000008004d04        0x8
                0x0000000008004d04                __exidx_start = .
 *(.ARM.exidx*)
 .ARM.exidx     0x0000000008004d04        0x8 /usr/lib/gcc/arm-none-eabi/7.3.1/thumb/v7e-m/fpv4-sp/hard/libgcc.a(_udivmoddi4.o)
                0x0000000008004d0c                __exidx_end = .

.rel.dyn        0x0000000008004d0c        0x0
 .rel.iplt      0x0000000008004d0c        0x0 /usr/lib/gcc/arm-none-eabi/7.3.1/thumb/v7e-m/fpv4-sp/hard/crtbegin.o

.preinit_array  0x0000000008004d0c        0x0
                0x0000000008004d0c                PROVIDE (__preinit_array_start = .)
 *(.preinit_array*)
                0x0000000008004d0c                PROVIDE (__preinit_array_end = .)

.init_array     0x0000000008004d0c        0x4
                0x0000000008004d0c                PROVIDE (__init_array_start = .)
 *(SORT_BY_NAME(.init_array.*))
 *(.init_array*)
 .init_array    0x0000000008004d0c        0x4 /usr/lib/gcc/arm-none-eabi/7.3.1/thumb/v7e-m/fpv4-sp/hard/crtbegin.o
                0x0000000008004d10                PROVIDE (__init_array_end = .)

.fini_array     0x0000000008004d10        0x4
                0x0000000008004d10                PROVIDE (__fini_array_start = .)
 *(SORT_BY_NAME(.fini_array.*))
 *(.fini_array*)
 .fini_array    0x0000000008004d10        0x4 /usr/lib/gcc/arm-none-eabi/7.3.1/thumb/v7e-m/fpv4-sp/hard/crtbegin.o
                0x0000000008004d14                PROVIDE (__fini_array_end = .)
                0x0000000008004d14                _sidata = LOADADDR (.data)

.data           0x0000000020000000        0xc load address 0x0000000008004d14
                0x0000000020000000                . = ALIGN (0x4)
                0x0000000020000000                _sdata = .
 *(.data)
 *(.data*)
 .data.uwTickFreq
                0x0000000020000000        0x1 build/stm32f4xx_hal.o
                0x0000000020000000                uwTickFreq
 *fill*         0x0000000020000001        0x3 
 .data.uwTickPrio
                0x0000000020000004        0x4 build/stm32f4xx_hal.o
                0x0000000020000004                uwTickPrio
 .data.SystemCoreClock
                0x0000000020000008        0x4 build/system_stm32f4xx.o
                0x0000000020000008                SystemCoreClock
                0x000000002000000c                . = ALIGN (0x4)
                0x000000002000000c                _edata = .

.tm_clone_table
                0x000000002000000c        0x0 load address 0x0000000008004d20
 .tm_clone_table
                0x000000002000000c        0x0 /usr/lib/gcc/arm-none-eabi/7.3.1/thumb/v7e-m/fpv4-sp/hard/crtbegin.o
 .tm_clone_table
                0x000000002000000c        0x0 /usr/lib/gcc/arm-none-eabi/7.3.1/thumb/v7e-m/fpv4-sp/hard/crtend.o

.igot.plt       0x000000002000000c        0x0 load address 0x0000000008004d20
 .igot.plt      0x000000002000000c        0x0 /usr/lib/gcc/arm-none-eabi/7.3.1/thumb/v7e-m/fpv4-sp/hard/crtbegin.o
                0x000000002000000c                . = ALIGN (0x4)

.bss            0x000000002000000c      0x394 load address 0x0000000008004d20
                0x000000002000000c                _sbss = .
                0x000000002000000c                __bss_start__ = _sbss
 *(.bss)
 .bss           0x000000002000000c       0x1c /usr/lib/gcc/arm-none-eabi/7.3.1/thumb/v7e-m/fpv4-sp/hard/crtbegin.o
 *(.bss*)
 .bss.TxCounter
                0x0000000020000028        0x1 build/main.o
                0x0000000020000028                TxCounter
 .bss.channel.9625
                0x0000000020000029        0x1 build/main.o
 *fill*         0x000000002000002a        0x2 
 .bss.FSMC_Initialized
                0x000000002000002c        0x4 build/stm32f4xx_hal_msp.o
 *(COMMON)
 COMMON         0x0000000020000030      0x36c build/main.o
                0x0000000020000030                hi2c3
                0x0000000020000084                hiwdg
                0x0000000020000090                tunerdata
                0x0000000020000094                hsram1
                0x00000000200000e4                htim3
                0x0000000020000124                hdma_usart1_tx
                0x0000000020000184                hadc1
                0x00000000200001cc                hdma_usart1_rx
                0x000000002000022c                huart1
                0x000000002000026c                hdma_adc1
                0x00000000200002cc                RxBuffer
                0x00000000200002e4                TxBuffer
                0x00000000200002f4                DMA_RX_Buffer
                0x0000000020000358                transmitBuffer
                0x0000000020000378                midichannel
                0x000000002000037c                receiveBuffer
 COMMON         0x000000002000039c        0x4 build/stm32f4xx_hal.o
                0x000000002000039c                uwTick
                0x00000000200003a0                . = ALIGN (0x4)
                0x00000000200003a0                _ebss = .
                0x00000000200003a0                __bss_end__ = _ebss

._user_heap_stack
                0x00000000200003a0      0x600 load address 0x0000000008004d20
                0x00000000200003a0                . = ALIGN (0x8)
                [!provide]                        PROVIDE (end = .)
                [!provide]                        PROVIDE (_end = .)
                0x00000000200005a0                . = (. + _Min_Heap_Size)
 *fill*         0x00000000200003a0      0x200 
                0x00000000200009a0                . = (. + _Min_Stack_Size)
 *fill*         0x00000000200005a0      0x400 
                0x00000000200009a0                . = ALIGN (0x8)

/DISCARD/
 libc.a(*)
 libm.a(*)
 libgcc.a(*)

.ARM.attributes
                0x0000000000000000       0x30
 *(.ARM.attributes)
 .ARM.attributes
                0x0000000000000000       0x22 /usr/lib/gcc/arm-none-eabi/7.3.1/thumb/v7e-m/fpv4-sp/hard/crti.o
 .ARM.attributes
                0x0000000000000022       0x34 /usr/lib/gcc/arm-none-eabi/7.3.1/thumb/v7e-m/fpv4-sp/hard/crtbegin.o
 .ARM.attributes
                0x0000000000000056       0x39 build/main.o
 .ARM.attributes
                0x000000000000008f       0x39 build/stm32f4xx_it.o
 .ARM.attributes
                0x00000000000000c8       0x39 build/stm32f4xx_hal_msp.o
 .ARM.attributes
                0x0000000000000101       0x39 build/stm32f4xx_hal_adc.o
 .ARM.attributes
                0x000000000000013a       0x39 build/stm32f4xx_hal_rcc.o
 .ARM.attributes
                0x0000000000000173       0x39 build/stm32f4xx_hal_rcc_ex.o
 .ARM.attributes
                0x00000000000001ac       0x39 build/stm32f4xx_hal_gpio.o
 .ARM.attributes
                0x00000000000001e5       0x39 build/stm32f4xx_hal_dma.o
 .ARM.attributes
                0x000000000000021e       0x39 build/stm32f4xx_hal_cortex.o
 .ARM.attributes
                0x0000000000000257       0x39 build/stm32f4xx_hal.o
 .ARM.attributes
                0x0000000000000290       0x39 build/stm32f4xx_ll_fsmc.o
 .ARM.attributes
                0x00000000000002c9       0x39 build/stm32f4xx_hal_sram.o
 .ARM.attributes
                0x0000000000000302       0x39 build/stm32f4xx_hal_i2c.o
 .ARM.attributes
                0x000000000000033b       0x39 build/stm32f4xx_hal_tim.o
 .ARM.attributes
                0x0000000000000374       0x39 build/stm32f4xx_hal_tim_ex.o
 .ARM.attributes
                0x00000000000003ad       0x39 build/stm32f4xx_hal_uart.o
 .ARM.attributes
                0x00000000000003e6       0x39 build/system_stm32f4xx.o
 .ARM.attributes
                0x000000000000041f       0x39 build/ssd1309_fsmc.o
 .ARM.attributes
                0x0000000000000458       0x21 build/startup_stm32f412rx.o
 .ARM.attributes
                0x0000000000000479       0x34 /usr/lib/gcc/arm-none-eabi/7.3.1/../../../arm-none-eabi/lib/thumb/v7e-m/fpv4-sp/hard/libc_nano.a(lib_a-init.o)
 .ARM.attributes
                0x00000000000004ad       0x20 /usr/lib/gcc/arm-none-eabi/7.3.1/../../../arm-none-eabi/lib/thumb/v7e-m/fpv4-sp/hard/libc_nano.a(lib_a-memcpy.o)
 .ARM.attributes
                0x00000000000004cd       0x34 /usr/lib/gcc/arm-none-eabi/7.3.1/../../../arm-none-eabi/lib/thumb/v7e-m/fpv4-sp/hard/libc_nano.a(lib_a-memset.o)
 .ARM.attributes
                0x0000000000000501       0x22 /usr/lib/gcc/arm-none-eabi/7.3.1/thumb/v7e-m/fpv4-sp/hard/libgcc.a(_aeabi_uldivmod.o)
 .ARM.attributes
                0x0000000000000523       0x34 /usr/lib/gcc/arm-none-eabi/7.3.1/thumb/v7e-m/fpv4-sp/hard/libgcc.a(_udivmoddi4.o)
 .ARM.attributes
                0x0000000000000557       0x22 /usr/lib/gcc/arm-none-eabi/7.3.1/thumb/v7e-m/fpv4-sp/hard/libgcc.a(_dvmd_tls.o)
 .ARM.attributes
                0x0000000000000579       0x34 /usr/lib/gcc/arm-none-eabi/7.3.1/thumb/v7e-m/fpv4-sp/hard/crtend.o
 .ARM.attributes
                0x00000000000005ad       0x22 /usr/lib/gcc/arm-none-eabi/7.3.1/thumb/v7e-m/fpv4-sp/hard/crtn.o
OUTPUT(build/MIDI_Floorboard.elf elf32-littlearm)

.comment        0x0000000000000000       0xae
 .comment       0x0000000000000000       0x57 /usr/lib/gcc/arm-none-eabi/7.3.1/thumb/v7e-m/fpv4-sp/hard/crtbegin.o
                                         0x58 (size before relaxing)
 .comment       0x0000000000000057       0x58 build/main.o
 .comment       0x0000000000000057       0x58 build/stm32f4xx_it.o
 .comment       0x0000000000000057       0x58 build/stm32f4xx_hal_msp.o
 .comment       0x0000000000000057       0x58 build/stm32f4xx_hal_adc.o
 .comment       0x0000000000000057       0x58 build/stm32f4xx_hal_rcc.o
 .comment       0x0000000000000057       0x58 build/stm32f4xx_hal_rcc_ex.o
 .comment       0x0000000000000057       0x58 build/stm32f4xx_hal_gpio.o
 .comment       0x0000000000000057       0x58 build/stm32f4xx_hal_dma.o
 .comment       0x0000000000000057       0x58 build/stm32f4xx_hal_cortex.o
 .comment       0x0000000000000057       0x58 build/stm32f4xx_hal.o
 .comment       0x0000000000000057       0x58 build/stm32f4xx_ll_fsmc.o
 .comment       0x0000000000000057       0x58 build/stm32f4xx_hal_sram.o
 .comment       0x0000000000000057       0x58 build/stm32f4xx_hal_i2c.o
 .comment       0x0000000000000057       0x58 build/stm32f4xx_hal_tim.o
 .comment       0x0000000000000057       0x58 build/stm32f4xx_hal_tim_ex.o
 .comment       0x0000000000000057       0x58 build/stm32f4xx_hal_uart.o
 .comment       0x0000000000000057       0x58 build/system_stm32f4xx.o
 .comment       0x0000000000000057       0x58 build/ssd1309_fsmc.o
 .comment       0x0000000000000057       0x57 /usr/lib/gcc/arm-none-eabi/7.3.1/../../../arm-none-eabi/lib/thumb/v7e-m/fpv4-sp/hard/libc_nano.a(lib_a-init.o)
                                         0x58 (size before relaxing)
 .comment       0x00000000000000ae       0x58 /usr/lib/gcc/arm-none-eabi/7.3.1/../../../arm-none-eabi/lib/thumb/v7e-m/fpv4-sp/hard/libc_nano.a(lib_a-memset.o)
 .comment       0x00000000000000ae       0x58 /usr/lib/gcc/arm-none-eabi/7.3.1/thumb/v7e-m/fpv4-sp/hard/libgcc.a(_udivmoddi4.o)
 .comment       0x00000000000000ae       0x58 /usr/lib/gcc/arm-none-eabi/7.3.1/thumb/v7e-m/fpv4-sp/hard/crtend.o

.debug_info     0x0000000000000000    0x19a79
 .debug_info    0x0000000000000000     0x2e33 build/main.o
 .debug_info    0x0000000000002e33      0xebd build/stm32f4xx_it.o
 .debug_info    0x0000000000003cf0     0x1d40 build/stm32f4xx_hal_msp.o
 .debug_info    0x0000000000005a30      0xf44 build/stm32f4xx_hal_adc.o
 .debug_info    0x0000000000006974      0xbc5 build/stm32f4xx_hal_rcc.o
 .debug_info    0x0000000000007539      0xab5 build/stm32f4xx_hal_rcc_ex.o
 .debug_info    0x0000000000007fee      0x8c2 build/stm32f4xx_hal_gpio.o
 .debug_info    0x00000000000088b0      0xb46 build/stm32f4xx_hal_dma.o
 .debug_info    0x00000000000093f6     0x1060 build/stm32f4xx_hal_cortex.o
 .debug_info    0x000000000000a456      0xb00 build/stm32f4xx_hal.o
 .debug_info    0x000000000000af56      0x57e build/stm32f4xx_ll_fsmc.o
 .debug_info    0x000000000000b4d4      0xd1d build/stm32f4xx_hal_sram.o
 .debug_info    0x000000000000c1f1     0x352b build/stm32f4xx_hal_i2c.o
 .debug_info    0x000000000000f71c     0x34d1 build/stm32f4xx_hal_tim.o
 .debug_info    0x0000000000012bed     0x166a build/stm32f4xx_hal_tim_ex.o
 .debug_info    0x0000000000014257     0x189d build/stm32f4xx_hal_uart.o
 .debug_info    0x0000000000015af4      0x618 build/system_stm32f4xx.o
 .debug_info    0x000000000001610c     0x1ca8 build/ssd1309_fsmc.o
 .debug_info    0x0000000000017db4       0x22 build/startup_stm32f412rx.o
 .debug_info    0x0000000000017dd6      0x109 /usr/lib/gcc/arm-none-eabi/7.3.1/../../../arm-none-eabi/lib/thumb/v7e-m/fpv4-sp/hard/libc_nano.a(lib_a-init.o)
 .debug_info    0x0000000000017edf       0x26 /usr/lib/gcc/arm-none-eabi/7.3.1/../../../arm-none-eabi/lib/thumb/v7e-m/fpv4-sp/hard/libc_nano.a(lib_a-memcpy.o)
 .debug_info    0x0000000000017f05      0xe1d /usr/lib/gcc/arm-none-eabi/7.3.1/../../../arm-none-eabi/lib/thumb/v7e-m/fpv4-sp/hard/libc_nano.a(lib_a-memset.o)
 .debug_info    0x0000000000018d22       0x26 /usr/lib/gcc/arm-none-eabi/7.3.1/thumb/v7e-m/fpv4-sp/hard/libgcc.a(_aeabi_uldivmod.o)
 .debug_info    0x0000000000018d48      0xd0b /usr/lib/gcc/arm-none-eabi/7.3.1/thumb/v7e-m/fpv4-sp/hard/libgcc.a(_udivmoddi4.o)
 .debug_info    0x0000000000019a53       0x26 /usr/lib/gcc/arm-none-eabi/7.3.1/thumb/v7e-m/fpv4-sp/hard/libgcc.a(_dvmd_tls.o)

.debug_abbrev   0x0000000000000000     0x2efc
 .debug_abbrev  0x0000000000000000      0x3b3 build/main.o
 .debug_abbrev  0x00000000000003b3      0x1d7 build/stm32f4xx_it.o
 .debug_abbrev  0x000000000000058a      0x230 build/stm32f4xx_hal_msp.o
 .debug_abbrev  0x00000000000007ba      0x291 build/stm32f4xx_hal_adc.o
 .debug_abbrev  0x0000000000000a4b      0x28d build/stm32f4xx_hal_rcc.o
 .debug_abbrev  0x0000000000000cd8      0x1c9 build/stm32f4xx_hal_rcc_ex.o
 .debug_abbrev  0x0000000000000ea1      0x21c build/stm32f4xx_hal_gpio.o
 .debug_abbrev  0x00000000000010bd      0x2ac build/stm32f4xx_hal_dma.o
 .debug_abbrev  0x0000000000001369      0x33d build/stm32f4xx_hal_cortex.o
 .debug_abbrev  0x00000000000016a6      0x1ed build/stm32f4xx_hal.o
 .debug_abbrev  0x0000000000001893      0x191 build/stm32f4xx_ll_fsmc.o
 .debug_abbrev  0x0000000000001a24      0x23b build/stm32f4xx_hal_sram.o
 .debug_abbrev  0x0000000000001c5f      0x2de build/stm32f4xx_hal_i2c.o
 .debug_abbrev  0x0000000000001f3d      0x274 build/stm32f4xx_hal_tim.o
 .debug_abbrev  0x00000000000021b1      0x26d build/stm32f4xx_hal_tim_ex.o
 .debug_abbrev  0x000000000000241e      0x2d7 build/stm32f4xx_hal_uart.o
 .debug_abbrev  0x00000000000026f5      0x12a build/system_stm32f4xx.o
 .debug_abbrev  0x000000000000281f      0x294 build/ssd1309_fsmc.o
 .debug_abbrev  0x0000000000002ab3       0x12 build/startup_stm32f412rx.o
 .debug_abbrev  0x0000000000002ac5       0xba /usr/lib/gcc/arm-none-eabi/7.3.1/../../../arm-none-eabi/lib/thumb/v7e-m/fpv4-sp/hard/libc_nano.a(lib_a-init.o)
 .debug_abbrev  0x0000000000002b7f       0x14 /usr/lib/gcc/arm-none-eabi/7.3.1/../../../arm-none-eabi/lib/thumb/v7e-m/fpv4-sp/hard/libc_nano.a(lib_a-memcpy.o)
 .debug_abbrev  0x0000000000002b93      0x1a8 /usr/lib/gcc/arm-none-eabi/7.3.1/../../../arm-none-eabi/lib/thumb/v7e-m/fpv4-sp/hard/libc_nano.a(lib_a-memset.o)
 .debug_abbrev  0x0000000000002d3b       0x14 /usr/lib/gcc/arm-none-eabi/7.3.1/thumb/v7e-m/fpv4-sp/hard/libgcc.a(_aeabi_uldivmod.o)
 .debug_abbrev  0x0000000000002d4f      0x199 /usr/lib/gcc/arm-none-eabi/7.3.1/thumb/v7e-m/fpv4-sp/hard/libgcc.a(_udivmoddi4.o)
 .debug_abbrev  0x0000000000002ee8       0x14 /usr/lib/gcc/arm-none-eabi/7.3.1/thumb/v7e-m/fpv4-sp/hard/libgcc.a(_dvmd_tls.o)

.debug_loc      0x0000000000000000    0x12df4
 .debug_loc     0x0000000000000000      0x443 build/main.o
 .debug_loc     0x0000000000000443      0x124 build/stm32f4xx_it.o
 .debug_loc     0x0000000000000567      0x42d build/stm32f4xx_hal_msp.o
 .debug_loc     0x0000000000000994      0xbf4 build/stm32f4xx_hal_adc.o
 .debug_loc     0x0000000000001588      0x573 build/stm32f4xx_hal_rcc.o
 .debug_loc     0x0000000000001afb      0x89b build/stm32f4xx_hal_rcc_ex.o
 .debug_loc     0x0000000000002396      0x53e build/stm32f4xx_hal_gpio.o
 .debug_loc     0x00000000000028d4      0xc96 build/stm32f4xx_hal_dma.o
 .debug_loc     0x000000000000356a      0x65e build/stm32f4xx_hal_cortex.o
 .debug_loc     0x0000000000003bc8      0x1bb build/stm32f4xx_hal.o
 .debug_loc     0x0000000000003d83      0x323 build/stm32f4xx_ll_fsmc.o
 .debug_loc     0x00000000000040a6      0xa36 build/stm32f4xx_hal_sram.o
 .debug_loc     0x0000000000004adc     0x42f8 build/stm32f4xx_hal_i2c.o
 .debug_loc     0x0000000000008dd4     0x4378 build/stm32f4xx_hal_tim.o
 .debug_loc     0x000000000000d14c     0x15ec build/stm32f4xx_hal_tim_ex.o
 .debug_loc     0x000000000000e738     0x1a4d build/stm32f4xx_hal_uart.o
 .debug_loc     0x0000000000010185      0x13e build/system_stm32f4xx.o
 .debug_loc     0x00000000000102c3     0x1acf build/ssd1309_fsmc.o
 .debug_loc     0x0000000000011d92       0xa2 /usr/lib/gcc/arm-none-eabi/7.3.1/../../../arm-none-eabi/lib/thumb/v7e-m/fpv4-sp/hard/libc_nano.a(lib_a-init.o)
 .debug_loc     0x0000000000011e34      0x175 /usr/lib/gcc/arm-none-eabi/7.3.1/../../../arm-none-eabi/lib/thumb/v7e-m/fpv4-sp/hard/libc_nano.a(lib_a-memset.o)
 .debug_loc     0x0000000000011fa9      0xe4b /usr/lib/gcc/arm-none-eabi/7.3.1/thumb/v7e-m/fpv4-sp/hard/libgcc.a(_udivmoddi4.o)

.debug_aranges  0x0000000000000000     0x12b8
 .debug_aranges
                0x0000000000000000       0x88 build/main.o
 .debug_aranges
                0x0000000000000088       0x98 build/stm32f4xx_it.o
 .debug_aranges
                0x0000000000000120       0x80 build/stm32f4xx_hal_msp.o
 .debug_aranges
                0x00000000000001a0       0xe8 build/stm32f4xx_hal_adc.o
 .debug_aranges
                0x0000000000000288       0x88 build/stm32f4xx_hal_rcc.o
 .debug_aranges
                0x0000000000000310       0x60 build/stm32f4xx_hal_rcc_ex.o
 .debug_aranges
                0x0000000000000370       0x58 build/stm32f4xx_hal_gpio.o
 .debug_aranges
                0x00000000000003c8       0x90 build/stm32f4xx_hal_dma.o
 .debug_aranges
                0x0000000000000458       0xa8 build/stm32f4xx_hal_cortex.o
 .debug_aranges
                0x0000000000000500       0xf0 build/stm32f4xx_hal.o
 .debug_aranges
                0x00000000000005f0       0x48 build/stm32f4xx_ll_fsmc.o
 .debug_aranges
                0x0000000000000638       0xa0 build/stm32f4xx_hal_sram.o
 .debug_aranges
                0x00000000000006d8      0x298 build/stm32f4xx_hal_i2c.o
 .debug_aranges
                0x0000000000000970      0x3a8 build/stm32f4xx_hal_tim.o
 .debug_aranges
                0x0000000000000d18      0x150 build/stm32f4xx_hal_tim_ex.o
 .debug_aranges
                0x0000000000000e68      0x1d0 build/stm32f4xx_hal_uart.o
 .debug_aranges
                0x0000000000001038       0x28 build/system_stm32f4xx.o
 .debug_aranges
                0x0000000000001060      0x170 build/ssd1309_fsmc.o
 .debug_aranges
                0x00000000000011d0       0x28 build/startup_stm32f412rx.o
 .debug_aranges
                0x00000000000011f8       0x20 /usr/lib/gcc/arm-none-eabi/7.3.1/../../../arm-none-eabi/lib/thumb/v7e-m/fpv4-sp/hard/libc_nano.a(lib_a-init.o)
 .debug_aranges
                0x0000000000001218       0x20 /usr/lib/gcc/arm-none-eabi/7.3.1/../../../arm-none-eabi/lib/thumb/v7e-m/fpv4-sp/hard/libc_nano.a(lib_a-memcpy.o)
 .debug_aranges
                0x0000000000001238       0x20 /usr/lib/gcc/arm-none-eabi/7.3.1/../../../arm-none-eabi/lib/thumb/v7e-m/fpv4-sp/hard/libc_nano.a(lib_a-memset.o)
 .debug_aranges
                0x0000000000001258       0x20 /usr/lib/gcc/arm-none-eabi/7.3.1/thumb/v7e-m/fpv4-sp/hard/libgcc.a(_aeabi_uldivmod.o)
 .debug_aranges
                0x0000000000001278       0x20 /usr/lib/gcc/arm-none-eabi/7.3.1/thumb/v7e-m/fpv4-sp/hard/libgcc.a(_udivmoddi4.o)
 .debug_aranges
                0x0000000000001298       0x20 /usr/lib/gcc/arm-none-eabi/7.3.1/thumb/v7e-m/fpv4-sp/hard/libgcc.a(_dvmd_tls.o)

.debug_ranges   0x0000000000000000     0x1258
 .debug_ranges  0x0000000000000000       0x78 build/main.o
 .debug_ranges  0x0000000000000078       0x88 build/stm32f4xx_it.o
 .debug_ranges  0x0000000000000100       0x70 build/stm32f4xx_hal_msp.o
 .debug_ranges  0x0000000000000170       0xd8 build/stm32f4xx_hal_adc.o
 .debug_ranges  0x0000000000000248       0x90 build/stm32f4xx_hal_rcc.o
 .debug_ranges  0x00000000000002d8       0x68 build/stm32f4xx_hal_rcc_ex.o
 .debug_ranges  0x0000000000000340       0x48 build/stm32f4xx_hal_gpio.o
 .debug_ranges  0x0000000000000388       0x80 build/stm32f4xx_hal_dma.o
 .debug_ranges  0x0000000000000408       0xf8 build/stm32f4xx_hal_cortex.o
 .debug_ranges  0x0000000000000500       0xe0 build/stm32f4xx_hal.o
 .debug_ranges  0x00000000000005e0       0x38 build/stm32f4xx_ll_fsmc.o
 .debug_ranges  0x0000000000000618       0x90 build/stm32f4xx_hal_sram.o
 .debug_ranges  0x00000000000006a8      0x2a0 build/stm32f4xx_hal_i2c.o
 .debug_ranges  0x0000000000000948      0x398 build/stm32f4xx_hal_tim.o
 .debug_ranges  0x0000000000000ce0      0x140 build/stm32f4xx_hal_tim_ex.o
 .debug_ranges  0x0000000000000e20      0x1c0 build/stm32f4xx_hal_uart.o
 .debug_ranges  0x0000000000000fe0       0x18 build/system_stm32f4xx.o
 .debug_ranges  0x0000000000000ff8      0x160 build/ssd1309_fsmc.o
 .debug_ranges  0x0000000000001158       0x20 build/startup_stm32f412rx.o
 .debug_ranges  0x0000000000001178       0xe0 /usr/lib/gcc/arm-none-eabi/7.3.1/thumb/v7e-m/fpv4-sp/hard/libgcc.a(_udivmoddi4.o)

.debug_line     0x0000000000000000     0x80a6
 .debug_line    0x0000000000000000      0x4fe build/main.o
 .debug_line    0x00000000000004fe      0x2d8 build/stm32f4xx_it.o
 .debug_line    0x00000000000007d6      0x3df build/stm32f4xx_hal_msp.o
 .debug_line    0x0000000000000bb5      0x657 build/stm32f4xx_hal_adc.o
 .debug_line    0x000000000000120c      0x458 build/stm32f4xx_hal_rcc.o
 .debug_line    0x0000000000001664      0x4c0 build/stm32f4xx_hal_rcc_ex.o
 .debug_line    0x0000000000001b24      0x2f4 build/stm32f4xx_hal_gpio.o
 .debug_line    0x0000000000001e18      0x4bb build/stm32f4xx_hal_dma.o
 .debug_line    0x00000000000022d3      0x3e0 build/stm32f4xx_hal_cortex.o
 .debug_line    0x00000000000026b3      0x396 build/stm32f4xx_hal.o
 .debug_line    0x0000000000002a49      0x254 build/stm32f4xx_ll_fsmc.o
 .debug_line    0x0000000000002c9d      0x482 build/stm32f4xx_hal_sram.o
 .debug_line    0x000000000000311f     0x1750 build/stm32f4xx_hal_i2c.o
 .debug_line    0x000000000000486f     0x13af build/stm32f4xx_hal_tim.o
 .debug_line    0x0000000000005c1e      0x7ff build/stm32f4xx_hal_tim_ex.o
 .debug_line    0x000000000000641d      0xb11 build/stm32f4xx_hal_uart.o
 .debug_line    0x0000000000006f2e      0x179 build/system_stm32f4xx.o
 .debug_line    0x00000000000070a7      0x8f4 build/ssd1309_fsmc.o
 .debug_line    0x000000000000799b       0x73 build/startup_stm32f412rx.o
 .debug_line    0x0000000000007a0e       0xbf /usr/lib/gcc/arm-none-eabi/7.3.1/../../../arm-none-eabi/lib/thumb/v7e-m/fpv4-sp/hard/libc_nano.a(lib_a-init.o)
 .debug_line    0x0000000000007acd       0xc1 /usr/lib/gcc/arm-none-eabi/7.3.1/../../../arm-none-eabi/lib/thumb/v7e-m/fpv4-sp/hard/libc_nano.a(lib_a-memcpy.o)
 .debug_line    0x0000000000007b8e      0x1ee /usr/lib/gcc/arm-none-eabi/7.3.1/../../../arm-none-eabi/lib/thumb/v7e-m/fpv4-sp/hard/libc_nano.a(lib_a-memset.o)
 .debug_line    0x0000000000007d7c       0x63 /usr/lib/gcc/arm-none-eabi/7.3.1/thumb/v7e-m/fpv4-sp/hard/libgcc.a(_aeabi_uldivmod.o)
 .debug_line    0x0000000000007ddf      0x264 /usr/lib/gcc/arm-none-eabi/7.3.1/thumb/v7e-m/fpv4-sp/hard/libgcc.a(_udivmoddi4.o)
 .debug_line    0x0000000000008043       0x63 /usr/lib/gcc/arm-none-eabi/7.3.1/thumb/v7e-m/fpv4-sp/hard/libgcc.a(_dvmd_tls.o)

.debug_str      0x0000000000000000     0x719c
 .debug_str     0x0000000000000000     0x1d4f build/main.o
                                       0x1f2c (size before relaxing)
 .debug_str     0x0000000000001d4f      0x1aa build/stm32f4xx_it.o
                                        0xce3 (size before relaxing)
 .debug_str     0x0000000000001ef9      0x17d build/stm32f4xx_hal_msp.o
                                       0x1682 (size before relaxing)
 .debug_str     0x0000000000002076      0x2e1 build/stm32f4xx_hal_adc.o
                                        0xa09 (size before relaxing)
 .debug_str     0x0000000000002357      0x1d1 build/stm32f4xx_hal_rcc.o
                                        0x7ad (size before relaxing)
 .debug_str     0x0000000000002528      0x262 build/stm32f4xx_hal_rcc_ex.o
                                        0x772 (size before relaxing)
 .debug_str     0x000000000000278a      0x125 build/stm32f4xx_hal_gpio.o
                                        0x5d0 (size before relaxing)
 .debug_str     0x00000000000028af      0x296 build/stm32f4xx_hal_dma.o
                                        0x82c (size before relaxing)
 .debug_str     0x0000000000002b45      0x4c4 build/stm32f4xx_hal_cortex.o
                                        0xcba (size before relaxing)
 .debug_str     0x0000000000003009      0x229 build/stm32f4xx_hal.o
                                        0xb9f (size before relaxing)
 .debug_str     0x0000000000003232       0xeb build/stm32f4xx_ll_fsmc.o
                                        0x543 (size before relaxing)
 .debug_str     0x000000000000331d      0x1a7 build/stm32f4xx_hal_sram.o
                                        0x9e2 (size before relaxing)
 .debug_str     0x00000000000034c4      0x82c build/stm32f4xx_hal_i2c.o
                                       0x10e0 (size before relaxing)
 .debug_str     0x0000000000003cf0      0xd3d build/stm32f4xx_hal_tim.o
                                       0x1583 (size before relaxing)
 .debug_str     0x0000000000004a2d      0x4cf build/stm32f4xx_hal_tim_ex.o
                                        0xd9b (size before relaxing)
 .debug_str     0x0000000000004efc      0x4a0 build/stm32f4xx_hal_uart.o
                                        0xce7 (size before relaxing)
 .debug_str     0x000000000000539c       0x47 build/system_stm32f4xx.o
                                        0x433 (size before relaxing)
 .debug_str     0x00000000000053e3      0x33c build/ssd1309_fsmc.o
                                        0x670 (size before relaxing)
 .debug_str     0x000000000000571f       0x22 build/startup_stm32f412rx.o
                                         0x4e (size before relaxing)
 .debug_str     0x0000000000005741      0x1da /usr/lib/gcc/arm-none-eabi/7.3.1/../../../arm-none-eabi/lib/thumb/v7e-m/fpv4-sp/hard/libc_nano.a(lib_a-init.o)
                                        0x27c (size before relaxing)
 .debug_str     0x000000000000591b       0xc9 /usr/lib/gcc/arm-none-eabi/7.3.1/../../../arm-none-eabi/lib/thumb/v7e-m/fpv4-sp/hard/libc_nano.a(lib_a-memcpy.o)
 .debug_str     0x00000000000059e4      0x3a9 /usr/lib/gcc/arm-none-eabi/7.3.1/../../../arm-none-eabi/lib/thumb/v7e-m/fpv4-sp/hard/libc_nano.a(lib_a-memset.o)
                                        0x962 (size before relaxing)
 .debug_str     0x0000000000005d8d       0x9f /usr/lib/gcc/arm-none-eabi/7.3.1/thumb/v7e-m/fpv4-sp/hard/libgcc.a(_aeabi_uldivmod.o)
                                         0xad (size before relaxing)
 .debug_str     0x0000000000005e2c     0x133d /usr/lib/gcc/arm-none-eabi/7.3.1/thumb/v7e-m/fpv4-sp/hard/libgcc.a(_udivmoddi4.o)
                                       0x1447 (size before relaxing)
 .debug_str     0x0000000000007169       0x33 /usr/lib/gcc/arm-none-eabi/7.3.1/thumb/v7e-m/fpv4-sp/hard/libgcc.a(_dvmd_tls.o)
                                         0xb1 (size before relaxing)

.debug_frame    0x0000000000000000     0x391c
 .debug_frame   0x0000000000000000      0x1c8 build/main.o
 .debug_frame   0x00000000000001c8      0x174 build/stm32f4xx_it.o
 .debug_frame   0x000000000000033c      0x1c0 build/stm32f4xx_hal_msp.o
 .debug_frame   0x00000000000004fc      0x2b8 build/stm32f4xx_hal_adc.o
 .debug_frame   0x00000000000007b4      0x1c4 build/stm32f4xx_hal_rcc.o
 .debug_frame   0x0000000000000978      0x104 build/stm32f4xx_hal_rcc_ex.o
 .debug_frame   0x0000000000000a7c       0xf0 build/stm32f4xx_hal_gpio.o
 .debug_frame   0x0000000000000b6c      0x1b8 build/stm32f4xx_hal_dma.o
 .debug_frame   0x0000000000000d24      0x16c build/stm32f4xx_hal_cortex.o
 .debug_frame   0x0000000000000e90      0x200 build/stm32f4xx_hal.o
 .debug_frame   0x0000000000001090       0xbc build/stm32f4xx_ll_fsmc.o
 .debug_frame   0x000000000000114c      0x1e8 build/stm32f4xx_hal_sram.o
 .debug_frame   0x0000000000001334      0xa38 build/stm32f4xx_hal_i2c.o
 .debug_frame   0x0000000000001d6c      0xbc4 build/stm32f4xx_hal_tim.o
 .debug_frame   0x0000000000002930      0x428 build/stm32f4xx_hal_tim_ex.o
 .debug_frame   0x0000000000002d58      0x584 build/stm32f4xx_hal_uart.o
 .debug_frame   0x00000000000032dc       0x30 build/system_stm32f4xx.o
 .debug_frame   0x000000000000330c      0x54c build/ssd1309_fsmc.o
 .debug_frame   0x0000000000003858       0x2c /usr/lib/gcc/arm-none-eabi/7.3.1/../../../arm-none-eabi/lib/thumb/v7e-m/fpv4-sp/hard/libc_nano.a(lib_a-init.o)
 .debug_frame   0x0000000000003884       0x38 /usr/lib/gcc/arm-none-eabi/7.3.1/../../../arm-none-eabi/lib/thumb/v7e-m/fpv4-sp/hard/libc_nano.a(lib_a-memset.o)
 .debug_frame   0x00000000000038bc       0x2c /usr/lib/gcc/arm-none-eabi/7.3.1/thumb/v7e-m/fpv4-sp/hard/libgcc.a(_aeabi_uldivmod.o)
 .debug_frame   0x00000000000038e8       0x34 /usr/lib/gcc/arm-none-eabi/7.3.1/thumb/v7e-m/fpv4-sp/hard/libgcc.a(_udivmoddi4.o)

Cross Reference Table

Symbol                                            File
ADC_IRQHandler                                    build/startup_stm32f412rx.o
AHBPrescTable                                     build/system_stm32f4xx.o
                                                  build/stm32f4xx_hal_rcc.o
APBPrescTable                                     build/system_stm32f4xx.o
                                                  build/stm32f4xx_hal_rcc.o
Ascii_1                                           build/ssd1309_fsmc.o
Ascii_2                                           build/ssd1309_fsmc.o
Big                                               build/ssd1309_fsmc.o
Blank_Line                                        build/ssd1309_fsmc.o
BusFault_Handler                                  build/stm32f4xx_it.o
CAN1_RX0_IRQHandler                               build/startup_stm32f412rx.o
CAN1_RX1_IRQHandler                               build/startup_stm32f412rx.o
CAN1_SCE_IRQHandler                               build/startup_stm32f412rx.o
CAN1_TX_IRQHandler                                build/startup_stm32f412rx.o
CAN2_RX0_IRQHandler                               build/startup_stm32f412rx.o
CAN2_RX1_IRQHandler                               build/startup_stm32f412rx.o
CAN2_SCE_IRQHandler                               build/startup_stm32f412rx.o
CAN2_TX_IRQHandler                                build/startup_stm32f412rx.o
Checkerboard                                      build/ssd1309_fsmc.o
DFSDM1_FLT0_IRQHandler                            build/startup_stm32f412rx.o
DFSDM1_FLT1_IRQHandler                            build/startup_stm32f412rx.o
DMA1_Stream0_IRQHandler                           build/startup_stm32f412rx.o
DMA1_Stream1_IRQHandler                           build/startup_stm32f412rx.o
DMA1_Stream2_IRQHandler                           build/startup_stm32f412rx.o
DMA1_Stream3_IRQHandler                           build/startup_stm32f412rx.o
DMA1_Stream4_IRQHandler                           build/startup_stm32f412rx.o
DMA1_Stream5_IRQHandler                           build/startup_stm32f412rx.o
DMA1_Stream6_IRQHandler                           build/startup_stm32f412rx.o
DMA1_Stream7_IRQHandler                           build/startup_stm32f412rx.o
DMA2_Stream0_IRQHandler                           build/stm32f4xx_it.o
DMA2_Stream1_IRQHandler                           build/startup_stm32f412rx.o
DMA2_Stream2_IRQHandler                           build/stm32f4xx_it.o
DMA2_Stream3_IRQHandler                           build/startup_stm32f412rx.o
DMA2_Stream4_IRQHandler                           build/startup_stm32f412rx.o
DMA2_Stream5_IRQHandler                           build/startup_stm32f412rx.o
DMA2_Stream6_IRQHandler                           build/startup_stm32f412rx.o
DMA2_Stream7_IRQHandler                           build/stm32f4xx_it.o
DMA_IrqHandler                                    build/main.o
                                                  build/stm32f4xx_it.o
DMA_RX_Buffer                                     build/main.o
DMA_Usart_RXStart                                 build/main.o
                                                  build/stm32f4xx_it.o
DebugMon_Handler                                  build/stm32f4xx_it.o
Default_Handler                                   build/startup_stm32f412rx.o
Display_Picture                                   build/ssd1309_fsmc.o
EXTI0_IRQHandler                                  build/startup_stm32f412rx.o
EXTI15_10_IRQHandler                              build/startup_stm32f412rx.o
EXTI1_IRQHandler                                  build/startup_stm32f412rx.o
EXTI2_IRQHandler                                  build/startup_stm32f412rx.o
EXTI3_IRQHandler                                  build/startup_stm32f412rx.o
EXTI4_IRQHandler                                  build/startup_stm32f412rx.o
EXTI9_5_IRQHandler                                build/startup_stm32f412rx.o
Error_Handler                                     build/main.o
                                                  build/stm32f4xx_hal_msp.o
FLASH_Erase_Sector                                build/stm32f4xx_hal_flash_ex.o
                                                  build/stm32f4xx_hal_flash.o
FLASH_FlushCaches                                 build/stm32f4xx_hal_flash_ex.o
                                                  build/stm32f4xx_hal_flash.o
FLASH_IRQHandler                                  build/startup_stm32f412rx.o
FLASH_WaitForLastOperation                        build/stm32f4xx_hal_flash.o
                                                  build/stm32f4xx_hal_flash_ex.o
FMPI2C1_ER_IRQHandler                             build/startup_stm32f412rx.o
FMPI2C1_EV_IRQHandler                             build/startup_stm32f412rx.o
FPU_IRQHandler                                    build/startup_stm32f412rx.o
FSMC_NORSRAM_DeInit                               build/stm32f4xx_ll_fsmc.o
                                                  build/stm32f4xx_hal_sram.o
FSMC_NORSRAM_Extended_Timing_Init                 build/stm32f4xx_ll_fsmc.o
                                                  build/stm32f4xx_hal_sram.o
FSMC_NORSRAM_Init                                 build/stm32f4xx_ll_fsmc.o
                                                  build/stm32f4xx_hal_sram.o
FSMC_NORSRAM_Timing_Init                          build/stm32f4xx_ll_fsmc.o
                                                  build/stm32f4xx_hal_sram.o
FSMC_NORSRAM_WriteOperation_Disable               build/stm32f4xx_ll_fsmc.o
                                                  build/stm32f4xx_hal_sram.o
FSMC_NORSRAM_WriteOperation_Enable                build/stm32f4xx_ll_fsmc.o
                                                  build/stm32f4xx_hal_sram.o
Fade_In                                           build/ssd1309_fsmc.o
Fade_Out                                          build/ssd1309_fsmc.o
Fill_Block                                        build/ssd1309_fsmc.o
Fill_RAM                                          build/ssd1309_fsmc.o
Frame                                             build/ssd1309_fsmc.o
HAL_ADCEx_InjectedConfigChannel                   build/stm32f4xx_hal_adc_ex.o
HAL_ADCEx_InjectedConvCpltCallback                build/stm32f4xx_hal_adc_ex.o
                                                  build/stm32f4xx_hal_adc.o
HAL_ADCEx_InjectedGetValue                        build/stm32f4xx_hal_adc_ex.o
HAL_ADCEx_InjectedPollForConversion               build/stm32f4xx_hal_adc_ex.o
HAL_ADCEx_InjectedStart                           build/stm32f4xx_hal_adc_ex.o
HAL_ADCEx_InjectedStart_IT                        build/stm32f4xx_hal_adc_ex.o
HAL_ADCEx_InjectedStop                            build/stm32f4xx_hal_adc_ex.o
HAL_ADCEx_InjectedStop_IT                         build/stm32f4xx_hal_adc_ex.o
HAL_ADCEx_MultiModeConfigChannel                  build/stm32f4xx_hal_adc_ex.o
HAL_ADCEx_MultiModeGetValue                       build/stm32f4xx_hal_adc_ex.o
HAL_ADCEx_MultiModeStart_DMA                      build/stm32f4xx_hal_adc_ex.o
HAL_ADCEx_MultiModeStop_DMA                       build/stm32f4xx_hal_adc_ex.o
HAL_ADC_AnalogWDGConfig                           build/stm32f4xx_hal_adc.o
HAL_ADC_ConfigChannel                             build/stm32f4xx_hal_adc.o
                                                  build/main.o
HAL_ADC_ConvCpltCallback                          build/stm32f4xx_hal_adc.o
                                                  build/stm32f4xx_hal_adc_ex.o
HAL_ADC_ConvHalfCpltCallback                      build/stm32f4xx_hal_adc.o
                                                  build/stm32f4xx_hal_adc_ex.o
HAL_ADC_DeInit                                    build/stm32f4xx_hal_adc.o
HAL_ADC_ErrorCallback                             build/stm32f4xx_hal_adc.o
                                                  build/stm32f4xx_hal_adc_ex.o
HAL_ADC_GetError                                  build/stm32f4xx_hal_adc.o
HAL_ADC_GetState                                  build/stm32f4xx_hal_adc.o
HAL_ADC_GetValue                                  build/stm32f4xx_hal_adc.o
HAL_ADC_IRQHandler                                build/stm32f4xx_hal_adc.o
HAL_ADC_Init                                      build/stm32f4xx_hal_adc.o
                                                  build/main.o
HAL_ADC_LevelOutOfWindowCallback                  build/stm32f4xx_hal_adc.o
HAL_ADC_MspDeInit                                 build/stm32f4xx_hal_msp.o
HAL_ADC_MspInit                                   build/stm32f4xx_hal_msp.o
HAL_ADC_PollForConversion                         build/stm32f4xx_hal_adc.o
HAL_ADC_PollForEvent                              build/stm32f4xx_hal_adc.o
HAL_ADC_Start                                     build/stm32f4xx_hal_adc.o
HAL_ADC_Start_DMA                                 build/stm32f4xx_hal_adc.o
HAL_ADC_Start_IT                                  build/stm32f4xx_hal_adc.o
HAL_ADC_Stop                                      build/stm32f4xx_hal_adc.o
HAL_ADC_Stop_DMA                                  build/stm32f4xx_hal_adc.o
HAL_ADC_Stop_IT                                   build/stm32f4xx_hal_adc.o
HAL_DBGMCU_DisableDBGSleepMode                    build/stm32f4xx_hal.o
HAL_DBGMCU_DisableDBGStandbyMode                  build/stm32f4xx_hal.o
HAL_DBGMCU_DisableDBGStopMode                     build/stm32f4xx_hal.o
HAL_DBGMCU_EnableDBGSleepMode                     build/stm32f4xx_hal.o
HAL_DBGMCU_EnableDBGStandbyMode                   build/stm32f4xx_hal.o
HAL_DBGMCU_EnableDBGStopMode                      build/stm32f4xx_hal.o
HAL_DMAEx_ChangeMemory                            build/stm32f4xx_hal_dma_ex.o
HAL_DMAEx_MultiBufferStart                        build/stm32f4xx_hal_dma_ex.o
HAL_DMAEx_MultiBufferStart_IT                     build/stm32f4xx_hal_dma_ex.o
HAL_DMA_Abort                                     build/stm32f4xx_hal_dma.o
                                                  build/stm32f4xx_hal_uart.o
                                                  build/stm32f4xx_hal_adc_ex.o
                                                  build/stm32f4xx_hal_adc.o
HAL_DMA_Abort_IT                                  build/stm32f4xx_hal_dma.o
                                                  build/stm32f4xx_hal_uart.o
                                                  build/stm32f4xx_hal_tim_ex.o
                                                  build/stm32f4xx_hal_tim.o
                                                  build/stm32f4xx_hal_i2c.o
HAL_DMA_DeInit                                    build/stm32f4xx_hal_dma.o
                                                  build/stm32f4xx_hal_msp.o
HAL_DMA_GetError                                  build/stm32f4xx_hal_dma.o
                                                  build/stm32f4xx_hal_uart.o
                                                  build/stm32f4xx_hal_i2c.o
HAL_DMA_GetState                                  build/stm32f4xx_hal_dma.o
                                                  build/stm32f4xx_hal_i2c.o
HAL_DMA_IRQHandler                                build/stm32f4xx_hal_dma.o
                                                  build/stm32f4xx_it.o
HAL_DMA_Init                                      build/stm32f4xx_hal_dma.o
                                                  build/stm32f4xx_hal_msp.o
HAL_DMA_PollForTransfer                           build/stm32f4xx_hal_dma.o
HAL_DMA_RegisterCallback                          build/stm32f4xx_hal_dma.o
HAL_DMA_Start                                     build/stm32f4xx_hal_dma.o
HAL_DMA_Start_IT                                  build/stm32f4xx_hal_dma.o
                                                  build/stm32f4xx_hal_uart.o
                                                  build/stm32f4xx_hal_tim_ex.o
                                                  build/stm32f4xx_hal_tim.o
                                                  build/stm32f4xx_hal_i2c.o
                                                  build/stm32f4xx_hal_sram.o
                                                  build/stm32f4xx_hal_adc_ex.o
                                                  build/stm32f4xx_hal_adc.o
HAL_DMA_UnRegisterCallback                        build/stm32f4xx_hal_dma.o
HAL_DeInit                                        build/stm32f4xx_hal.o
HAL_Delay                                         build/stm32f4xx_hal.o
HAL_DisableCompensationCell                       build/stm32f4xx_hal.o
HAL_EXTI_ClearConfigLine                          build/stm32f4xx_hal_exti.o
HAL_EXTI_ClearPending                             build/stm32f4xx_hal_exti.o
HAL_EXTI_GenerateSWI                              build/stm32f4xx_hal_exti.o
HAL_EXTI_GetConfigLine                            build/stm32f4xx_hal_exti.o
HAL_EXTI_GetHandle                                build/stm32f4xx_hal_exti.o
HAL_EXTI_GetPending                               build/stm32f4xx_hal_exti.o
HAL_EXTI_IRQHandler                               build/stm32f4xx_hal_exti.o
HAL_EXTI_RegisterCallback                         build/stm32f4xx_hal_exti.o
HAL_EXTI_SetConfigLine                            build/stm32f4xx_hal_exti.o
HAL_EnableCompensationCell                        build/stm32f4xx_hal.o
HAL_FLASHEx_AdvOBGetConfig                        build/stm32f4xx_hal_flash_ex.o
HAL_FLASHEx_AdvOBProgram                          build/stm32f4xx_hal_flash_ex.o
HAL_FLASHEx_DisableFlashSleepMode                 build/stm32f4xx_hal_flash_ramfunc.o
HAL_FLASHEx_EnableFlashSleepMode                  build/stm32f4xx_hal_flash_ramfunc.o
HAL_FLASHEx_Erase                                 build/stm32f4xx_hal_flash_ex.o
HAL_FLASHEx_Erase_IT                              build/stm32f4xx_hal_flash_ex.o
HAL_FLASHEx_OBGetConfig                           build/stm32f4xx_hal_flash_ex.o
HAL_FLASHEx_OBProgram                             build/stm32f4xx_hal_flash_ex.o
HAL_FLASHEx_OB_DeSelectPCROP                      build/stm32f4xx_hal_flash_ex.o
HAL_FLASHEx_OB_SelectPCROP                        build/stm32f4xx_hal_flash_ex.o
HAL_FLASHEx_StartFlashInterfaceClk                build/stm32f4xx_hal_flash_ramfunc.o
HAL_FLASHEx_StopFlashInterfaceClk                 build/stm32f4xx_hal_flash_ramfunc.o
HAL_FLASH_EndOfOperationCallback                  build/stm32f4xx_hal_flash.o
HAL_FLASH_GetError                                build/stm32f4xx_hal_flash.o
HAL_FLASH_IRQHandler                              build/stm32f4xx_hal_flash.o
HAL_FLASH_Lock                                    build/stm32f4xx_hal_flash.o
HAL_FLASH_OB_Launch                               build/stm32f4xx_hal_flash.o
HAL_FLASH_OB_Lock                                 build/stm32f4xx_hal_flash.o
HAL_FLASH_OB_Unlock                               build/stm32f4xx_hal_flash.o
HAL_FLASH_OperationErrorCallback                  build/stm32f4xx_hal_flash.o
HAL_FLASH_Program                                 build/stm32f4xx_hal_flash.o
HAL_FLASH_Program_IT                              build/stm32f4xx_hal_flash.o
HAL_FLASH_Unlock                                  build/stm32f4xx_hal_flash.o
HAL_GPIO_DeInit                                   build/stm32f4xx_hal_gpio.o
                                                  build/stm32f4xx_hal_msp.o
HAL_GPIO_EXTI_Callback                            build/stm32f4xx_hal_gpio.o
HAL_GPIO_EXTI_IRQHandler                          build/stm32f4xx_hal_gpio.o
HAL_GPIO_Init                                     build/stm32f4xx_hal_gpio.o
                                                  build/stm32f4xx_hal_rcc.o
                                                  build/stm32f4xx_hal_msp.o
                                                  build/main.o
HAL_GPIO_LockPin                                  build/stm32f4xx_hal_gpio.o
HAL_GPIO_ReadPin                                  build/stm32f4xx_hal_gpio.o
HAL_GPIO_TogglePin                                build/stm32f4xx_hal_gpio.o
HAL_GPIO_WritePin                                 build/stm32f4xx_hal_gpio.o
                                                  build/ssd1309_fsmc.o
                                                  build/main.o
HAL_GetDEVID                                      build/stm32f4xx_hal.o
HAL_GetHalVersion                                 build/stm32f4xx_hal.o
HAL_GetREVID                                      build/stm32f4xx_hal.o
HAL_GetTick                                       build/stm32f4xx_hal.o
                                                  build/stm32f4xx_hal_uart.o
                                                  build/stm32f4xx_hal_iwdg.o
                                                  build/stm32f4xx_hal_i2c.o
                                                  build/stm32f4xx_hal_pwr_ex.o
                                                  build/stm32f4xx_hal_dma.o
                                                  build/stm32f4xx_hal_flash.o
                                                  build/stm32f4xx_hal_rcc_ex.o
                                                  build/stm32f4xx_hal_rcc.o
                                                  build/stm32f4xx_hal_adc_ex.o
                                                  build/stm32f4xx_hal_adc.o
HAL_GetTickFreq                                   build/stm32f4xx_hal.o
HAL_GetTickPrio                                   build/stm32f4xx_hal.o
HAL_GetUIDw0                                      build/stm32f4xx_hal.o
HAL_GetUIDw1                                      build/stm32f4xx_hal.o
HAL_GetUIDw2                                      build/stm32f4xx_hal.o
HAL_HalfDuplex_EnableReceiver                     build/stm32f4xx_hal_uart.o
HAL_HalfDuplex_EnableTransmitter                  build/stm32f4xx_hal_uart.o
HAL_HalfDuplex_Init                               build/stm32f4xx_hal_uart.o
HAL_I2CEx_ConfigAnalogFilter                      build/stm32f4xx_hal_i2c_ex.o
HAL_I2CEx_ConfigDigitalFilter                     build/stm32f4xx_hal_i2c_ex.o
HAL_I2C_AbortCpltCallback                         build/stm32f4xx_hal_i2c.o
HAL_I2C_AddrCallback                              build/stm32f4xx_hal_i2c.o
HAL_I2C_DeInit                                    build/stm32f4xx_hal_i2c.o
HAL_I2C_DisableListen_IT                          build/stm32f4xx_hal_i2c.o
HAL_I2C_ER_IRQHandler                             build/stm32f4xx_hal_i2c.o
                                                  build/stm32f4xx_it.o
HAL_I2C_EV_IRQHandler                             build/stm32f4xx_hal_i2c.o
                                                  build/stm32f4xx_it.o
HAL_I2C_EnableListen_IT                           build/stm32f4xx_hal_i2c.o
HAL_I2C_ErrorCallback                             build/stm32f4xx_hal_i2c.o
HAL_I2C_GetError                                  build/stm32f4xx_hal_i2c.o
HAL_I2C_GetMode                                   build/stm32f4xx_hal_i2c.o
HAL_I2C_GetState                                  build/stm32f4xx_hal_i2c.o
HAL_I2C_Init                                      build/stm32f4xx_hal_i2c.o
                                                  build/main.o
HAL_I2C_IsDeviceReady                             build/stm32f4xx_hal_i2c.o
HAL_I2C_ListenCpltCallback                        build/stm32f4xx_hal_i2c.o
HAL_I2C_MasterRxCpltCallback                      build/stm32f4xx_hal_i2c.o
HAL_I2C_MasterTxCpltCallback                      build/stm32f4xx_hal_i2c.o
HAL_I2C_Master_Abort_IT                           build/stm32f4xx_hal_i2c.o
HAL_I2C_Master_Receive                            build/stm32f4xx_hal_i2c.o
HAL_I2C_Master_Receive_DMA                        build/stm32f4xx_hal_i2c.o
HAL_I2C_Master_Receive_IT                         build/stm32f4xx_hal_i2c.o
HAL_I2C_Master_Seq_Receive_DMA                    build/stm32f4xx_hal_i2c.o
HAL_I2C_Master_Seq_Receive_IT                     build/stm32f4xx_hal_i2c.o
HAL_I2C_Master_Seq_Transmit_DMA                   build/stm32f4xx_hal_i2c.o
HAL_I2C_Master_Seq_Transmit_IT                    build/stm32f4xx_hal_i2c.o
HAL_I2C_Master_Transmit                           build/stm32f4xx_hal_i2c.o
HAL_I2C_Master_Transmit_DMA                       build/stm32f4xx_hal_i2c.o
HAL_I2C_Master_Transmit_IT                        build/stm32f4xx_hal_i2c.o
HAL_I2C_MemRxCpltCallback                         build/stm32f4xx_hal_i2c.o
HAL_I2C_MemTxCpltCallback                         build/stm32f4xx_hal_i2c.o
HAL_I2C_Mem_Read                                  build/stm32f4xx_hal_i2c.o
HAL_I2C_Mem_Read_DMA                              build/stm32f4xx_hal_i2c.o
HAL_I2C_Mem_Read_IT                               build/stm32f4xx_hal_i2c.o
HAL_I2C_Mem_Write                                 build/stm32f4xx_hal_i2c.o
HAL_I2C_Mem_Write_DMA                             build/stm32f4xx_hal_i2c.o
HAL_I2C_Mem_Write_IT                              build/stm32f4xx_hal_i2c.o
HAL_I2C_MspDeInit                                 build/stm32f4xx_hal_msp.o
HAL_I2C_MspInit                                   build/stm32f4xx_hal_msp.o
HAL_I2C_SlaveRxCpltCallback                       build/stm32f4xx_hal_i2c.o
HAL_I2C_SlaveTxCpltCallback                       build/stm32f4xx_hal_i2c.o
HAL_I2C_Slave_Receive                             build/stm32f4xx_hal_i2c.o
HAL_I2C_Slave_Receive_DMA                         build/stm32f4xx_hal_i2c.o
HAL_I2C_Slave_Receive_IT                          build/stm32f4xx_hal_i2c.o
HAL_I2C_Slave_Seq_Receive_DMA                     build/stm32f4xx_hal_i2c.o
HAL_I2C_Slave_Seq_Receive_IT                      build/stm32f4xx_hal_i2c.o
HAL_I2C_Slave_Seq_Transmit_DMA                    build/stm32f4xx_hal_i2c.o
HAL_I2C_Slave_Seq_Transmit_IT                     build/stm32f4xx_hal_i2c.o
HAL_I2C_Slave_Transmit                            build/stm32f4xx_hal_i2c.o
HAL_I2C_Slave_Transmit_DMA                        build/stm32f4xx_hal_i2c.o
HAL_I2C_Slave_Transmit_IT                         build/stm32f4xx_hal_i2c.o
HAL_IWDG_Init                                     build/stm32f4xx_hal_iwdg.o
HAL_IWDG_Refresh                                  build/stm32f4xx_hal_iwdg.o
HAL_IncTick                                       build/stm32f4xx_hal.o
                                                  build/stm32f4xx_it.o
HAL_Init                                          build/stm32f4xx_hal.o
                                                  build/main.o
HAL_InitTick                                      build/stm32f4xx_hal.o
                                                  build/stm32f4xx_hal_rcc_ex.o
                                                  build/stm32f4xx_hal_rcc.o
HAL_LIN_Init                                      build/stm32f4xx_hal_uart.o
HAL_LIN_SendBreak                                 build/stm32f4xx_hal_uart.o
HAL_MPU_ConfigRegion                              build/stm32f4xx_hal_cortex.o
HAL_MPU_Disable                                   build/stm32f4xx_hal_cortex.o
HAL_MPU_Enable                                    build/stm32f4xx_hal_cortex.o
HAL_MspDeInit                                     build/stm32f4xx_hal.o
HAL_MspInit                                       build/stm32f4xx_hal_msp.o
HAL_MultiProcessor_EnterMuteMode                  build/stm32f4xx_hal_uart.o
HAL_MultiProcessor_ExitMuteMode                   build/stm32f4xx_hal_uart.o
HAL_MultiProcessor_Init                           build/stm32f4xx_hal_uart.o
HAL_NVIC_ClearPendingIRQ                          build/stm32f4xx_hal_cortex.o
HAL_NVIC_DisableIRQ                               build/stm32f4xx_hal_cortex.o
                                                  build/stm32f4xx_hal_msp.o
HAL_NVIC_EnableIRQ                                build/stm32f4xx_hal_cortex.o
                                                  build/stm32f4xx_hal_msp.o
                                                  build/main.o
HAL_NVIC_GetActive                                build/stm32f4xx_hal_cortex.o
HAL_NVIC_GetPendingIRQ                            build/stm32f4xx_hal_cortex.o
HAL_NVIC_GetPriority                              build/stm32f4xx_hal_cortex.o
HAL_NVIC_GetPriorityGrouping                      build/stm32f4xx_hal_cortex.o
HAL_NVIC_SetPendingIRQ                            build/stm32f4xx_hal_cortex.o
HAL_NVIC_SetPriority                              build/stm32f4xx_hal_cortex.o
                                                  build/stm32f4xx_hal.o
                                                  build/stm32f4xx_hal_msp.o
                                                  build/main.o
HAL_NVIC_SetPriorityGrouping                      build/stm32f4xx_hal_cortex.o
                                                  build/stm32f4xx_hal.o
HAL_NVIC_SystemReset                              build/stm32f4xx_hal_cortex.o
HAL_PWREx_ControlVoltageScaling                   build/stm32f4xx_hal_pwr_ex.o
HAL_PWREx_DisableBkUpReg                          build/stm32f4xx_hal_pwr_ex.o
HAL_PWREx_DisableFlashPowerDown                   build/stm32f4xx_hal_pwr_ex.o
HAL_PWREx_DisableLowRegulatorLowVoltage           build/stm32f4xx_hal_pwr_ex.o
HAL_PWREx_DisableMainRegulatorLowVoltage          build/stm32f4xx_hal_pwr_ex.o
HAL_PWREx_EnableBkUpReg                           build/stm32f4xx_hal_pwr_ex.o
HAL_PWREx_EnableFlashPowerDown                    build/stm32f4xx_hal_pwr_ex.o
HAL_PWREx_EnableLowRegulatorLowVoltage            build/stm32f4xx_hal_pwr_ex.o
HAL_PWREx_EnableMainRegulatorLowVoltage           build/stm32f4xx_hal_pwr_ex.o
HAL_PWREx_GetVoltageRange                         build/stm32f4xx_hal_pwr_ex.o
HAL_PWR_ConfigPVD                                 build/stm32f4xx_hal_pwr.o
HAL_PWR_DeInit                                    build/stm32f4xx_hal_pwr.o
HAL_PWR_DisableBkUpAccess                         build/stm32f4xx_hal_pwr.o
HAL_PWR_DisablePVD                                build/stm32f4xx_hal_pwr.o
HAL_PWR_DisableSEVOnPend                          build/stm32f4xx_hal_pwr.o
HAL_PWR_DisableSleepOnExit                        build/stm32f4xx_hal_pwr.o
HAL_PWR_DisableWakeUpPin                          build/stm32f4xx_hal_pwr.o
HAL_PWR_EnableBkUpAccess                          build/stm32f4xx_hal_pwr.o
HAL_PWR_EnablePVD                                 build/stm32f4xx_hal_pwr.o
HAL_PWR_EnableSEVOnPend                           build/stm32f4xx_hal_pwr.o
HAL_PWR_EnableSleepOnExit                         build/stm32f4xx_hal_pwr.o
HAL_PWR_EnableWakeUpPin                           build/stm32f4xx_hal_pwr.o
HAL_PWR_EnterSLEEPMode                            build/stm32f4xx_hal_pwr.o
HAL_PWR_EnterSTANDBYMode                          build/stm32f4xx_hal_pwr.o
HAL_PWR_EnterSTOPMode                             build/stm32f4xx_hal_pwr.o
HAL_PWR_PVDCallback                               build/stm32f4xx_hal_pwr.o
HAL_PWR_PVD_IRQHandler                            build/stm32f4xx_hal_pwr.o
HAL_RCCEx_DisablePLLI2S                           build/stm32f4xx_hal_rcc_ex.o
HAL_RCCEx_EnablePLLI2S                            build/stm32f4xx_hal_rcc_ex.o
HAL_RCCEx_GetPeriphCLKConfig                      build/stm32f4xx_hal_rcc_ex.o
HAL_RCCEx_GetPeriphCLKFreq                        build/stm32f4xx_hal_rcc_ex.o
HAL_RCCEx_PeriphCLKConfig                         build/stm32f4xx_hal_rcc_ex.o
HAL_RCCEx_SelectLSEMode                           build/stm32f4xx_hal_rcc_ex.o
HAL_RCC_CSSCallback                               build/stm32f4xx_hal_rcc.o
HAL_RCC_ClockConfig                               build/stm32f4xx_hal_rcc.o
                                                  build/main.o
HAL_RCC_DeInit                                    build/stm32f4xx_hal_rcc_ex.o
                                                  build/stm32f4xx_hal_rcc.o
HAL_RCC_DisableCSS                                build/stm32f4xx_hal_rcc.o
HAL_RCC_EnableCSS                                 build/stm32f4xx_hal_rcc.o
HAL_RCC_GetClockConfig                            build/stm32f4xx_hal_rcc.o
HAL_RCC_GetHCLKFreq                               build/stm32f4xx_hal_rcc.o
HAL_RCC_GetOscConfig                              build/stm32f4xx_hal_rcc_ex.o
                                                  build/stm32f4xx_hal_rcc.o
HAL_RCC_GetPCLK1Freq                              build/stm32f4xx_hal_rcc.o
                                                  build/stm32f4xx_hal_uart.o
                                                  build/stm32f4xx_hal_i2c.o
HAL_RCC_GetPCLK2Freq                              build/stm32f4xx_hal_rcc.o
                                                  build/stm32f4xx_hal_uart.o
HAL_RCC_GetSysClockFreq                           build/stm32f4xx_hal_rcc.o
HAL_RCC_MCOConfig                                 build/stm32f4xx_hal_rcc.o
HAL_RCC_NMI_IRQHandler                            build/stm32f4xx_hal_rcc.o
HAL_RCC_OscConfig                                 build/stm32f4xx_hal_rcc_ex.o
                                                  build/stm32f4xx_hal_rcc.o